Archive member included to satisfy reference by file (symbol)

/usr/lib/gcc/arm-none-eabi/4.9.3/../../../arm-none-eabi/lib/armv7e-m/fpu/libm.a(lib_a-sf_fpclassify.o)
                              build/obj/math_misc.o (symbol from plugin) (__fpclassifyf)
/usr/lib/gcc/arm-none-eabi/4.9.3/armv7e-m/fpu/libgcc.a(_arm_addsubdf3.o)
                              /tmp/ccSZs5D9.ltrans3.ltrans.o (__aeabi_dsub)
/usr/lib/gcc/arm-none-eabi/4.9.3/armv7e-m/fpu/libgcc.a(_arm_muldivdf3.o)
                              /tmp/ccSZs5D9.ltrans3.ltrans.o (__aeabi_dmul)
/usr/lib/gcc/arm-none-eabi/4.9.3/armv7e-m/fpu/libgcc.a(_arm_fixdfsi.o)
                              /tmp/ccSZs5D9.ltrans3.ltrans.o (__aeabi_d2iz)
/usr/lib/gcc/arm-none-eabi/4.9.3/armv7e-m/fpu/libgcc.a(_arm_truncdfsf2.o)
                              /tmp/ccSZs5D9.ltrans3.ltrans.o (__aeabi_d2f)
/usr/lib/gcc/arm-none-eabi/4.9.3/../../../arm-none-eabi/lib/armv7e-m/fpu/libg.a(lib_a-memcpy.o)
                              /tmp/ccSZs5D9.ltrans0.ltrans.o (memcpy)
/usr/lib/gcc/arm-none-eabi/4.9.3/../../../arm-none-eabi/lib/armv7e-m/fpu/libg.a(lib_a-memset.o)
                              /tmp/ccSZs5D9.ltrans2.ltrans.o (memset)
/usr/lib/gcc/arm-none-eabi/4.9.3/../../../arm-none-eabi/lib/armv7e-m/fpu/libg.a(lib_a-strcmp.o)
                              /tmp/ccSZs5D9.ltrans3.ltrans.o (strcmp)
/usr/lib/gcc/arm-none-eabi/4.9.3/../../../arm-none-eabi/lib/armv7e-m/fpu/libg.a(lib_a-strpbrk.o)
                              /tmp/ccSZs5D9.ltrans6.ltrans.o (strpbrk)
/usr/lib/gcc/arm-none-eabi/4.9.3/../../../arm-none-eabi/lib/armv7e-m/fpu/libg.a(lib_a-strspn.o)
                              /tmp/ccSZs5D9.ltrans6.ltrans.o (strspn)

Discarded input sections

 .data          0x0000000000000000        0x0 build/obj/crt0_v7m.o
 .bss           0x0000000000000000        0x0 build/obj/crt0_v7m.o
 .data          0x0000000000000000        0x0 build/obj/chcoreasm_v7m.o
 .bss           0x0000000000000000        0x0 build/obj/chcoreasm_v7m.o
 .text          0x0000000000000000        0x0 build/obj/crt1.o (symbol from plugin)
 .text          0x0000000000000000        0x0 /tmp/ccSZs5D9.ltrans0.ltrans.o
 .data          0x0000000000000000        0x0 /tmp/ccSZs5D9.ltrans0.ltrans.o
 .bss           0x0000000000000000        0x0 /tmp/ccSZs5D9.ltrans0.ltrans.o
 .text          0x0000000000000000        0x0 /tmp/ccSZs5D9.ltrans1.ltrans.o
 .data          0x0000000000000000        0x0 /tmp/ccSZs5D9.ltrans1.ltrans.o
 .bss           0x0000000000000000        0x0 /tmp/ccSZs5D9.ltrans1.ltrans.o
 .text          0x0000000000000000        0x0 /tmp/ccSZs5D9.ltrans2.ltrans.o
 .data          0x0000000000000000        0x0 /tmp/ccSZs5D9.ltrans2.ltrans.o
 .bss           0x0000000000000000        0x0 /tmp/ccSZs5D9.ltrans2.ltrans.o
 .text          0x0000000000000000        0x0 /tmp/ccSZs5D9.ltrans3.ltrans.o
 .data          0x0000000000000000        0x0 /tmp/ccSZs5D9.ltrans3.ltrans.o
 .bss           0x0000000000000000        0x0 /tmp/ccSZs5D9.ltrans3.ltrans.o
 .text._isatty_r
                0x0000000000000000        0x4 /tmp/ccSZs5D9.ltrans3.ltrans.o
 .text._fstat_r
                0x0000000000000000       0x18 /tmp/ccSZs5D9.ltrans3.ltrans.o
 .text._sbrk_r  0x0000000000000000       0x30 /tmp/ccSZs5D9.ltrans3.ltrans.o
 .text._close_r
                0x0000000000000000        0x4 /tmp/ccSZs5D9.ltrans3.ltrans.o
 .text._write_r
                0x0000000000000000        0x4 /tmp/ccSZs5D9.ltrans3.ltrans.o
 .text._lseek_r
                0x0000000000000000        0x4 /tmp/ccSZs5D9.ltrans3.ltrans.o
 .text._read_r  0x0000000000000000        0xc /tmp/ccSZs5D9.ltrans3.ltrans.o
 .rodata.__func__.7663
                0x0000000000000000        0x8 /tmp/ccSZs5D9.ltrans3.ltrans.o
 .text          0x0000000000000000        0x0 /tmp/ccSZs5D9.ltrans4.ltrans.o
 .data          0x0000000000000000        0x0 /tmp/ccSZs5D9.ltrans4.ltrans.o
 .bss           0x0000000000000000        0x0 /tmp/ccSZs5D9.ltrans4.ltrans.o
 .text          0x0000000000000000        0x0 /tmp/ccSZs5D9.ltrans5.ltrans.o
 .data          0x0000000000000000        0x0 /tmp/ccSZs5D9.ltrans5.ltrans.o
 .bss           0x0000000000000000        0x0 /tmp/ccSZs5D9.ltrans5.ltrans.o
 .text          0x0000000000000000        0x0 /tmp/ccSZs5D9.ltrans6.ltrans.o
 .data          0x0000000000000000        0x0 /tmp/ccSZs5D9.ltrans6.ltrans.o
 .bss           0x0000000000000000        0x0 /tmp/ccSZs5D9.ltrans6.ltrans.o
 .text          0x0000000000000000        0x0 build/obj/vectors.o (symbol from plugin)
 .text          0x0000000000000000        0x0 build/obj/chsys.o (symbol from plugin)
 .text          0x0000000000000000        0x0 build/obj/chdebug.o (symbol from plugin)
 .text          0x0000000000000000        0x0 build/obj/chvt.o (symbol from plugin)
 .text          0x0000000000000000        0x0 build/obj/chschd.o (symbol from plugin)
 .text          0x0000000000000000        0x0 build/obj/chthreads.o (symbol from plugin)
[...]
Memory Configuration

Name             Origin             Length             Attributes
flash            0x0000000008000000 0x0000000000200000
ram0             0x0000000020000000 0x0000000000030000
ram1             0x0000000020000000 0x000000000001c000
ram2             0x000000002001c000 0x0000000000004000
ram3             0x0000000020020000 0x0000000000010000
ram4             0x0000000010000000 0x0000000000010000
ram5             0x0000000040024000 0x0000000000001000
ram6             0x0000000000000000 0x0000000000000000
ram7             0x0000000000000000 0x0000000000000000
*default*        0x0000000000000000 0xffffffffffffffff

Linker script and memory map

LOAD build/obj/crt0_v7m.o
LOAD build/obj/chcoreasm_v7m.o
LOAD build/obj/crt1.o
LOAD /tmp/ccSZs5D9.ltrans0.ltrans.o
LOAD /tmp/ccSZs5D9.ltrans1.ltrans.o
LOAD /tmp/ccSZs5D9.ltrans2.ltrans.o
LOAD /tmp/ccSZs5D9.ltrans3.ltrans.o
LOAD /tmp/ccSZs5D9.ltrans4.ltrans.o
LOAD /tmp/ccSZs5D9.ltrans5.ltrans.o
LOAD /tmp/ccSZs5D9.ltrans6.ltrans.o
LOAD build/obj/vectors.o
LOAD build/obj/chsys.o
LOAD build/obj/chdebug.o
LOAD build/obj/chvt.o
LOAD build/obj/chschd.o
LOAD build/obj/chthreads.o
LOAD build/obj/chtm.o
LOAD build/obj/chstats.o
LOAD build/obj/chdynamic.o
LOAD build/obj/chregistry.o
LOAD build/obj/chsem.o
LOAD build/obj/chmtx.o
LOAD build/obj/chcond.o
LOAD build/obj/chevents.o
LOAD build/obj/chmsg.o
LOAD build/obj/chmboxes.o
LOAD build/obj/chqueues.o
LOAD build/obj/chmemcore.o
LOAD build/obj/chheap.o
LOAD build/obj/chmempools.o
LOAD build/obj/chcore.o
LOAD build/obj/chcore_v7m.o
LOAD build/obj/osal.o
LOAD build/obj/hal.o
LOAD build/obj/st.o
LOAD build/obj/hal_buffers.o
LOAD build/obj/hal_queues.o
LOAD build/obj/hal_mmcsd.o
LOAD build/obj/can.o
LOAD build/obj/pal.o
LOAD build/obj/serial_usb.o
LOAD build/obj/uart.o
LOAD build/obj/usb.o
LOAD build/obj/nvic.o
LOAD build/obj/hal_lld.o
LOAD build/obj/stm32_dma.o
LOAD build/obj/st_lld.o
LOAD build/obj/can_lld.o
LOAD build/obj/pal_lld.o
LOAD build/obj/usb_lld.o
LOAD build/obj/uart_lld.o
LOAD build/obj/board.o
LOAD build/obj/shell.o
LOAD build/obj/evtimer.o
LOAD build/obj/syscalls.o
LOAD build/obj/memstreams.o
LOAD build/obj/chprintf.o
LOAD build/obj/main.o
LOAD build/obj/shellcfg.o
LOAD build/obj/flash.o
LOAD build/obj/math_misc.o
LOAD build/obj/dbus.o
LOAD build/obj/usbcfg.o
                0x0000000020000000                __ram0_start__ = ORIGIN (ram0)
                0x0000000000030000                __ram0_size__ = LENGTH (ram0)
                0x0000000020030000                __ram0_end__ = (__ram0_start__ + __ram0_size__)
                0x0000000020000000                __ram1_start__ = ORIGIN (ram1)
                0x000000000001c000                __ram1_size__ = LENGTH (ram1)
                0x000000002001c000                __ram1_end__ = (__ram1_start__ + __ram1_size__)
                0x000000002001c000                __ram2_start__ = ORIGIN (ram2)
                0x0000000000004000                __ram2_size__ = LENGTH (ram2)
                0x0000000020020000                __ram2_end__ = (__ram2_start__ + __ram2_size__)
                0x0000000020020000                __ram3_start__ = ORIGIN (ram3)
                0x0000000000010000                __ram3_size__ = LENGTH (ram3)
                0x0000000020030000                __ram3_end__ = (__ram3_start__ + __ram3_size__)
                0x0000000010000000                __ram4_start__ = ORIGIN (ram4)
                0x0000000000010000                __ram4_size__ = LENGTH (ram4)
                0x0000000010010000                __ram4_end__ = (__ram4_start__ + __ram4_size__)
                0x0000000040024000                __ram5_start__ = ORIGIN (ram5)
                0x0000000000001000                __ram5_size__ = LENGTH (ram5)
                0x0000000040025000                __ram5_end__ = (__ram5_start__ + __ram5_size__)
                0x0000000000000000                __ram6_start__ = ORIGIN (ram6)
                0x0000000000000000                __ram6_size__ = LENGTH (ram6)
                0x0000000000000000                __ram6_end__ = (__ram6_start__ + __ram6_size__)
                0x0000000000000000                __ram7_start__ = ORIGIN (ram7)
                0x0000000000000000                __ram7_size__ = LENGTH (ram7)
                0x0000000000000000                __ram7_end__ = (__ram7_start__ + __ram7_size__)
                0x0000000000000000                . = 0x0
                0x0000000000000000                _text = .

startup         0x0000000008000000      0x1c0
 *(.vectors)
 .vectors       0x0000000008000000      0x1c0 /tmp/ccSZs5D9.ltrans3.ltrans.o
                0x0000000008000000                _vectors

constructors    0x00000000080001c0        0x0
                0x00000000080001c0                __init_array_start = .
 *(SORT(.init_array.*))
 *(.init_array)
                0x00000000080001c0                __init_array_end = .

destructors     0x00000000080001c0        0x0
                0x00000000080001c0                __fini_array_start = .
 *(.fini_array)
 *(SORT(.fini_array.*))
                0x00000000080001c0                __fini_array_end = .

.text           0x00000000080001c0     0x6838
 *(.text)
 .text          0x00000000080001c0      0x108 build/obj/crt0_v7m.o
                0x00000000080001c0                Reset_Handler
 *fill*         0x00000000080002c8        0x8 
 .text          0x00000000080002d0       0x48 build/obj/chcoreasm_v7m.o
                0x00000000080002d0                _port_switch
                0x00000000080002e8                _port_thread_start
                0x0000000008000300                _port_switch_from_isr
                0x0000000008000314                _port_exit_from_isr
 *fill*         0x0000000008000318        0x8 
 .text          0x0000000008000320      0x370 /usr/lib/gcc/arm-none-eabi/4.9.3/armv7e-m/fpu/libgcc.a(_arm_addsubdf3.o)
                0x0000000008000320                __aeabi_drsub
                0x0000000008000328                __aeabi_dsub
                0x0000000008000328                __subdf3
                0x000000000800032c                __adddf3
                0x000000000800032c                __aeabi_dadd
                0x00000000080005a4                __aeabi_ui2d
                0x00000000080005a4                __floatunsidf
                0x00000000080005c4                __floatsidf
                0x00000000080005c4                __aeabi_i2d
                0x00000000080005e8                __extendsfdf2
                0x00000000080005e8                __aeabi_f2d
                0x0000000008000624                __aeabi_ul2d
                0x0000000008000624                __floatundidf
                0x0000000008000634                __floatdidf
                0x0000000008000634                __aeabi_l2d
 .text          0x0000000008000690      0x424 /usr/lib/gcc/arm-none-eabi/4.9.3/armv7e-m/fpu/libgcc.a(_arm_muldivdf3.o)
                0x0000000008000690                __aeabi_dmul
                0x0000000008000690                __muldf3
                0x00000000080008e4                __aeabi_ddiv
                0x00000000080008e4                __divdf3
 *fill*         0x0000000008000ab4        0xc 
 .text          0x0000000008000ac0       0x50 /usr/lib/gcc/arm-none-eabi/4.9.3/armv7e-m/fpu/libgcc.a(_arm_fixdfsi.o)
                0x0000000008000ac0                __fixdfsi
                0x0000000008000ac0                __aeabi_d2iz
 .text          0x0000000008000b10       0xa0 /usr/lib/gcc/arm-none-eabi/4.9.3/armv7e-m/fpu/libgcc.a(_arm_truncdfsf2.o)
                0x0000000008000b10                __aeabi_d2f
                0x0000000008000b10                __truncdfsf2
 .text          0x0000000008000bb0      0x134 /usr/lib/gcc/arm-none-eabi/4.9.3/../../../arm-none-eabi/lib/armv7e-m/fpu/libg.a(lib_a-memcpy.o)
                0x0000000008000bb0                memcpy
 *fill*         0x0000000008000ce4        0xc 
 .text          0x0000000008000cf0      0x2e0 /usr/lib/gcc/arm-none-eabi/4.9.3/../../../arm-none-eabi/lib/armv7e-m/fpu/libg.a(lib_a-strcmp.o)
                0x0000000008000cf8                strcmp
 *(.text.*)
 .text.SVC_Handler
                0x0000000008000fd0       0x20 /tmp/ccSZs5D9.ltrans0.ltrans.o
                0x0000000008000fd0                SVC_Handler
 .text.chTMChainMeasurementToX
                0x0000000008000ff0       0x3c /tmp/ccSZs5D9.ltrans0.ltrans.o
 *fill*         0x000000000800102c        0x4 
 .text._dbg_trace
                0x0000000008001030       0x38 /tmp/ccSZs5D9.ltrans0.ltrans.o
 *fill*         0x0000000008001068        0x8 
 .text._idle_thread.lto_priv.48
                0x0000000008001070        0x4 /tmp/ccSZs5D9.ltrans0.ltrans.o
                0x0000000008001070                _idle_thread.lto_priv.48
 *fill*         0x0000000008001074        0xc 
 .text.stSetAlarm
                0x0000000008001080       0x20 /tmp/ccSZs5D9.ltrans0.ltrans.o
                0x0000000008001080                stSetAlarm
 .text._port_irq_epilogue
                0x00000000080010a0       0x64 /tmp/ccSZs5D9.ltrans0.ltrans.o
                0x00000000080010a0                _port_irq_epilogue
 *fill*         0x0000000008001104        0xc 
 .text._stats_increase_irq
                0x0000000008001110       0x20 /tmp/ccSZs5D9.ltrans0.ltrans.o
                0x0000000008001110                _stats_increase_irq
 .text.chTMStopMeasurementX
                0x0000000008001130       0x48 /tmp/ccSZs5D9.ltrans0.ltrans.o
                0x0000000008001130                chTMStopMeasurementX
 *fill*         0x0000000008001178        0x8 
 .text._stats_stop_measure_crit_isr
                0x0000000008001180        0xc /tmp/ccSZs5D9.ltrans0.ltrans.o
                0x0000000008001180                _stats_stop_measure_crit_isr
 *fill*         0x000000000800118c        0x4 
 .text._stats_stop_measure_crit_thd
                0x0000000008001190        0xc /tmp/ccSZs5D9.ltrans0.ltrans.o
                0x0000000008001190                _stats_stop_measure_crit_thd
 *fill*         0x000000000800119c        0x4 
 .text.chTMStartMeasurementX
                0x00000000080011a0        0xc /tmp/ccSZs5D9.ltrans0.ltrans.o
                0x00000000080011a0                chTMStartMeasurementX
 *fill*         0x00000000080011ac        0x4 
 .text._stats_start_measure_crit_isr
                0x00000000080011b0        0xc /tmp/ccSZs5D9.ltrans0.ltrans.o
                0x00000000080011b0                _stats_start_measure_crit_isr
 *fill*         0x00000000080011bc        0x4 
 .text._stats_start_measure_crit_thd
                0x00000000080011c0        0xc /tmp/ccSZs5D9.ltrans0.ltrans.o
                0x00000000080011c0                _stats_start_measure_crit_thd
 *fill*         0x00000000080011cc        0x4 
 .text.chSchDoRescheduleAhead
                0x00000000080011d0       0x78 /tmp/ccSZs5D9.ltrans0.ltrans.o
                0x00000000080011d0                chSchDoRescheduleAhead
 *fill*         0x0000000008001248        0x8 
 .text.chSchDoReschedule
                0x0000000008001250        0x4 /tmp/ccSZs5D9.ltrans0.ltrans.o
                0x0000000008001250                chSchDoReschedule
 *fill*         0x0000000008001254        0xc 
 .text.chDbgCheckClassS
                0x0000000008001260       0x20 /tmp/ccSZs5D9.ltrans0.ltrans.o
                0x0000000008001260                chDbgCheckClassS
 .text.obqPostFullBufferS
                0x0000000008001280       0x60 /tmp/ccSZs5D9.ltrans0.ltrans.o
 .text.ibqReleaseEmptyBufferS
                0x00000000080012e0       0x48 /tmp/ccSZs5D9.ltrans0.ltrans.o
 *fill*         0x0000000008001328        0x8 
 .text.chSchGoSleepS
                0x0000000008001330       0x64 /tmp/ccSZs5D9.ltrans0.ltrans.o
                0x0000000008001330                chSchGoSleepS
 *fill*         0x0000000008001394        0xc 
 .text.chDbgCheckClassI
                0x00000000080013a0       0x20 /tmp/ccSZs5D9.ltrans0.ltrans.o
                0x00000000080013a0                chDbgCheckClassI
 .text.sdu_start_receive.lto_priv.33
                0x00000000080013c0       0x50 /tmp/ccSZs5D9.ltrans0.ltrans.o
                0x00000000080013c0                sdu_start_receive.lto_priv.33
 .text.obqGetFullBufferI
                0x0000000008001410       0x28 /tmp/ccSZs5D9.ltrans0.ltrans.o
                0x0000000008001410                obqGetFullBufferI
 *fill*         0x0000000008001438        0x8 
 .text.chThdCreateI
                0x0000000008001440       0xb8 /tmp/ccSZs5D9.ltrans0.ltrans.o
                0x0000000008001440                chThdCreateI
 *fill*         0x00000000080014f8        0x8 
 .text.chSchGoSleepTimeoutS
                0x0000000008001500      0x170 /tmp/ccSZs5D9.ltrans0.ltrans.o
                0x0000000008001500                chSchGoSleepTimeoutS
 .text.obqGetEmptyBufferTimeoutS
                0x0000000008001670       0x5c /tmp/ccSZs5D9.ltrans0.ltrans.o
 *fill*         0x00000000080016cc        0x4 
 .text.ibqGetFullBufferTimeoutS
                0x00000000080016d0       0x5c /tmp/ccSZs5D9.ltrans0.ltrans.o
 *fill*         0x000000000800172c        0x4 
 .text.chSchReadyI
                0x0000000008001730       0x50 /tmp/ccSZs5D9.ltrans0.ltrans.o
                0x0000000008001730                chSchReadyI
 .text.chEvtBroadcastFlagsI
                0x0000000008001780       0x9c /tmp/ccSZs5D9.ltrans0.ltrans.o
                0x0000000008001780                chEvtBroadcastFlagsI
 *fill*         0x000000000800181c        0x4 
 .text.chThdDequeueAllI
                0x0000000008001820       0x3c /tmp/ccSZs5D9.ltrans0.ltrans.o
                0x0000000008001820                chThdDequeueAllI
 *fill*         0x000000000800185c        0x4 
 .text.chThdResumeI
                0x0000000008001860       0x2c /tmp/ccSZs5D9.ltrans0.ltrans.o
                0x0000000008001860                chThdResumeI
 *fill*         0x000000000800188c        0x4 
 .text.chThdExitS
                0x0000000008001890       0x4c /tmp/ccSZs5D9.ltrans0.ltrans.o
                0x0000000008001890                chThdExitS
 *fill*         0x00000000080018dc        0x4 
 .text._dbg_check_leave_isr
                0x00000000080018e0       0x2c /tmp/ccSZs5D9.ltrans0.ltrans.o
                0x00000000080018e0                _dbg_check_leave_isr
 *fill*         0x000000000800190c        0x4 
 .text._dbg_check_enter_isr
                0x0000000008001910       0x2c /tmp/ccSZs5D9.ltrans0.ltrans.o
                0x0000000008001910                _dbg_check_enter_isr
 *fill*         0x000000000800193c        0x4 
 .text._dbg_check_unlock_from_isr
                0x0000000008001940       0x24 /tmp/ccSZs5D9.ltrans0.ltrans.o
                0x0000000008001940                _dbg_check_unlock_from_isr
 *fill*         0x0000000008001964        0xc 
 .text._dbg_check_lock_from_isr
                0x0000000008001970       0x24 /tmp/ccSZs5D9.ltrans0.ltrans.o
                0x0000000008001970                _dbg_check_lock_from_isr
 *fill*         0x0000000008001994        0xc 
 .text.wakeup   0x00000000080019a0       0x6c /tmp/ccSZs5D9.ltrans0.ltrans.o
 *fill*         0x0000000008001a0c        0x4 
 .text._dbg_check_unlock
                0x0000000008001a10       0x20 /tmp/ccSZs5D9.ltrans0.ltrans.o
                0x0000000008001a10                _dbg_check_unlock
 .text._dbg_check_lock
                0x0000000008001a30       0x20 /tmp/ccSZs5D9.ltrans0.ltrans.o
                0x0000000008001a30                _dbg_check_lock
 .text.obqWriteTimeout
                0x0000000008001a50      0x17c /tmp/ccSZs5D9.ltrans0.ltrans.o
                0x0000000008001a50                obqWriteTimeout
 *fill*         0x0000000008001bcc        0x4 
 .text.write.lto_priv.53
                0x0000000008001bd0       0x1c /tmp/ccSZs5D9.ltrans0.ltrans.o
                0x0000000008001bd0                write.lto_priv.53
 *fill*         0x0000000008001bec        0x4 
 .text.obqPutTimeout
                0x0000000008001bf0       0xa0 /tmp/ccSZs5D9.ltrans0.ltrans.o
 .text.putt.lto_priv.57
                0x0000000008001c90       0x18 /tmp/ccSZs5D9.ltrans0.ltrans.o
                0x0000000008001c90                putt.lto_priv.57
 *fill*         0x0000000008001ca8        0x8 
 .text.put.lto_priv.55
                0x0000000008001cb0       0x1c /tmp/ccSZs5D9.ltrans0.ltrans.o
                0x0000000008001cb0                put.lto_priv.55
 *fill*         0x0000000008001ccc        0x4 
 .text.ibqReadTimeout
                0x0000000008001cd0      0x168 /tmp/ccSZs5D9.ltrans0.ltrans.o
                0x0000000008001cd0                ibqReadTimeout
 *fill*         0x0000000008001e38        0x8 
 .text.read.lto_priv.54
                0x0000000008001e40       0x1c /tmp/ccSZs5D9.ltrans0.ltrans.o
                0x0000000008001e40                read.lto_priv.54
 *fill*         0x0000000008001e5c        0x4 
 .text.ibqGetTimeout
                0x0000000008001e60       0x90 /tmp/ccSZs5D9.ltrans0.ltrans.o
 .text.gett.lto_priv.58
                0x0000000008001ef0       0x18 /tmp/ccSZs5D9.ltrans0.ltrans.o
                0x0000000008001ef0                gett.lto_priv.58
 *fill*         0x0000000008001f08        0x8 
 .text.get.lto_priv.56
                0x0000000008001f10       0x1c /tmp/ccSZs5D9.ltrans0.ltrans.o
                0x0000000008001f10                get.lto_priv.56
 *fill*         0x0000000008001f2c        0x4 
 .text.chCoreAlloc
                0x0000000008001f30       0x70 /tmp/ccSZs5D9.ltrans0.ltrans.o
                0x0000000008001f30                chCoreAlloc
 .text.chThdExit
                0x0000000008001fa0       0x18 /tmp/ccSZs5D9.ltrans0.ltrans.o
                0x0000000008001fa0                chThdExit
 *fill*         0x0000000008001fb8        0x8 
 .text.chThdSleep
                0x0000000008001fc0       0x5c /tmp/ccSZs5D9.ltrans0.ltrans.o
                0x0000000008001fc0                chThdSleep
 *fill*         0x000000000800201c        0x4 
 .text.chThdCreateStatic
                0x0000000008002020      0x110 /tmp/ccSZs5D9.ltrans0.ltrans.o
                0x0000000008002020                chThdCreateStatic
 .text.chSysPolledDelayX
                0x0000000008002130       0x14 /tmp/ccSZs5D9.ltrans0.ltrans.o
                0x0000000008002130                chSysPolledDelayX
 *fill*         0x0000000008002144        0xc 
 .text._unhandled_exception
                0x0000000008002150        0x4 /tmp/ccSZs5D9.ltrans0.ltrans.o
                0x0000000008002150                Vector58
                0x0000000008002150                VectorE8
                0x0000000008002150                Vector9C
                0x0000000008002150                VectorAC
                0x0000000008002150                DebugMon_Handler
                0x0000000008002150                Vector1A0
                0x0000000008002150                Vector5C
                0x0000000008002150                Vector11C
                0x0000000008002150                HardFault_Handler
                0x0000000008002150                Vector1B8
                0x0000000008002150                Vector19C
                0x0000000008002150                SysTick_Handler
                0x0000000008002150                PendSV_Handler
                0x0000000008002150                Vector168
                0x0000000008002150                NMI_Handler
                0x0000000008002150                Vector110
                0x0000000008002150                VectorC8
                0x0000000008002150                VectorA8
                0x0000000008002150                VectorB4
                0x0000000008002150                Vector160
                0x0000000008002150                Vector1B0
                0x0000000008002150                UsageFault_Handler
                0x0000000008002150                VectorEC
                0x0000000008002150                Vector40
                0x0000000008002150                VectorF8
                0x0000000008002150                Vector108
                0x0000000008002150                VectorBC
                0x0000000008002150                Vector190
                0x0000000008002150                Vector188
                0x0000000008002150                Vector198
                0x0000000008002150                Vector118
                0x0000000008002150                Vector64
                0x0000000008002150                VectorCC
                0x0000000008002150                Vector54
                0x0000000008002150                VectorD8
                0x0000000008002150                Vector138
                0x0000000008002150                Vector24
                0x0000000008002150                Vector1AC
                0x0000000008002150                Vector178
                0x0000000008002150                Vector1A4
                0x0000000008002150                VectorD0
                0x0000000008002150                Vector1B4
                0x0000000008002150                VectorE4
                0x0000000008002150                VectorC0
                0x0000000008002150                Vector134
                0x0000000008002150                VectorF0
                0x0000000008002150                Vector100
                0x0000000008002150                VectorE0
                0x0000000008002150                VectorF4
                0x0000000008002150                MemManage_Handler
                0x0000000008002150                VectorA0
                0x0000000008002150                VectorC4
                0x0000000008002150                Vector180
                0x0000000008002150                Vector114
                0x0000000008002150                Vector164
                0x0000000008002150                Vector60
                0x0000000008002150                Vector1C
                0x0000000008002150                Vector1BC
                0x0000000008002150                Vector17C
                0x0000000008002150                Vector48
                0x0000000008002150                Vector1A8
                0x0000000008002150                Vector16C
                0x0000000008002150                Vector4C
                0x0000000008002150                Vector15C
                0x0000000008002150                Vector68
                0x0000000008002150                Vector170
                0x0000000008002150                Vector88
                0x0000000008002150                Vector104
                0x0000000008002150                Vector184
                0x0000000008002150                Vector10C
                0x0000000008002150                BusFault_Handler
                0x0000000008002150                Vector50
                0x0000000008002150                Vector194
                0x0000000008002150                Vector44
                0x0000000008002150                Vector28
                0x0000000008002150                VectorB8
                0x0000000008002150                Vector34
                0x0000000008002150                VectorA4
                0x0000000008002150                Vector20
                0x0000000008002150                Vector18C
 *fill*         0x0000000008002154        0xc 
 .text.__init_ram_areas
                0x0000000008002160       0x4c /tmp/ccSZs5D9.ltrans0.ltrans.o
                0x0000000008002160                __init_ram_areas
 *fill*         0x00000000080021ac        0x4 
 .text.__default_exit
                0x00000000080021b0        0x4 /tmp/ccSZs5D9.ltrans0.ltrans.o
                0x00000000080021b0                __default_exit
 *fill*         0x00000000080021b4        0xc 
 .text.__late_init
                0x00000000080021c0        0x4 /tmp/ccSZs5D9.ltrans0.ltrans.o
                0x00000000080021c0                __late_init
 *fill*         0x00000000080021c4        0xc 
 .text.__core_init
                0x00000000080021d0        0x4 /tmp/ccSZs5D9.ltrans0.ltrans.o
                0x00000000080021d0                __core_init
 *fill*         0x00000000080021d4        0xc 
 .text.Vector158
                0x00000000080021e0       0x38 /tmp/ccSZs5D9.ltrans1.ltrans.o
                0x00000000080021e0                Vector158
 *fill*         0x0000000008002218        0x8 
 .text.Vector154
                0x0000000008002220       0x38 /tmp/ccSZs5D9.ltrans1.ltrans.o
                0x0000000008002220                Vector154
 *fill*         0x0000000008002258        0x8 
 .text.Vector150
                0x0000000008002260       0x38 /tmp/ccSZs5D9.ltrans1.ltrans.o
                0x0000000008002260                Vector150
 *fill*         0x0000000008002298        0x8 
 .text.Vector130
                0x00000000080022a0       0x34 /tmp/ccSZs5D9.ltrans1.ltrans.o
                0x00000000080022a0                Vector130
 *fill*         0x00000000080022d4        0xc 
 .text.Vector12C
                0x00000000080022e0       0x38 /tmp/ccSZs5D9.ltrans1.ltrans.o
                0x00000000080022e0                Vector12C
 *fill*         0x0000000008002318        0x8 
 .text.Vector128
                0x0000000008002320       0x38 /tmp/ccSZs5D9.ltrans1.ltrans.o
                0x0000000008002320                Vector128
 *fill*         0x0000000008002358        0x8 
 .text.Vector124
                0x0000000008002360       0x38 /tmp/ccSZs5D9.ltrans1.ltrans.o
                0x0000000008002360                Vector124
 *fill*         0x0000000008002398        0x8 
 .text.Vector120
                0x00000000080023a0       0x34 /tmp/ccSZs5D9.ltrans1.ltrans.o
                0x00000000080023a0                Vector120
 *fill*         0x00000000080023d4        0xc 
 .text.VectorFC
                0x00000000080023e0       0x38 /tmp/ccSZs5D9.ltrans1.ltrans.o
                0x00000000080023e0                VectorFC
 *fill*         0x0000000008002418        0x8 
 .text.Vector84
                0x0000000008002420       0x38 /tmp/ccSZs5D9.ltrans1.ltrans.o
                0x0000000008002420                Vector84
 *fill*         0x0000000008002458        0x8 
 .text.Vector80
                0x0000000008002460       0x38 /tmp/ccSZs5D9.ltrans1.ltrans.o
                0x0000000008002460                Vector80
 *fill*         0x0000000008002498        0x8 
 .text.Vector7C
                0x00000000080024a0       0x34 /tmp/ccSZs5D9.ltrans1.ltrans.o
                0x00000000080024a0                Vector7C
 *fill*         0x00000000080024d4        0xc 
 .text.Vector78
                0x00000000080024e0       0x38 /tmp/ccSZs5D9.ltrans1.ltrans.o
                0x00000000080024e0                Vector78
 *fill*         0x0000000008002518        0x8 
 .text.Vector74
                0x0000000008002520       0x38 /tmp/ccSZs5D9.ltrans1.ltrans.o
                0x0000000008002520                Vector74
 *fill*         0x0000000008002558        0x8 
 .text.Vector70
                0x0000000008002560       0x38 /tmp/ccSZs5D9.ltrans1.ltrans.o
                0x0000000008002560                Vector70
 *fill*         0x0000000008002598        0x8 
 .text.can_lld_sce_handler
                0x00000000080025a0       0x74 /tmp/ccSZs5D9.ltrans1.ltrans.o
 *fill*         0x0000000008002614        0xc 
 .text.Vector148
                0x0000000008002620       0x20 /tmp/ccSZs5D9.ltrans1.ltrans.o
                0x0000000008002620                Vector148
 .text.Vector98
                0x0000000008002640       0x20 /tmp/ccSZs5D9.ltrans1.ltrans.o
                0x0000000008002640                Vector98
 .text.can_lld_rx1_handler
                0x0000000008002660       0x78 /tmp/ccSZs5D9.ltrans1.ltrans.o
 *fill*         0x00000000080026d8        0x8 
 .text.Vector144
                0x00000000080026e0       0x20 /tmp/ccSZs5D9.ltrans1.ltrans.o
                0x00000000080026e0                Vector144
 .text.Vector94
                0x0000000008002700       0x20 /tmp/ccSZs5D9.ltrans1.ltrans.o
                0x0000000008002700                Vector94
 .text.can_lld_rx0_handler
                0x0000000008002720       0x78 /tmp/ccSZs5D9.ltrans1.ltrans.o
 *fill*         0x0000000008002798        0x8 
 .text.Vector140
                0x00000000080027a0       0x20 /tmp/ccSZs5D9.ltrans1.ltrans.o
                0x00000000080027a0                Vector140
 .text.Vector90
                0x00000000080027c0       0x20 /tmp/ccSZs5D9.ltrans1.ltrans.o
                0x00000000080027c0                Vector90
 .text.can_lld_tx_handler
                0x00000000080027e0       0x74 /tmp/ccSZs5D9.ltrans1.ltrans.o
 *fill*         0x0000000008002854        0xc 
 .text.Vector13C
                0x0000000008002860       0x20 /tmp/ccSZs5D9.ltrans1.ltrans.o
                0x0000000008002860                Vector13C
 .text.Vector8C
                0x0000000008002880       0x20 /tmp/ccSZs5D9.ltrans1.ltrans.o
                0x0000000008002880                Vector8C
 .text.VectorB0
                0x00000000080028a0       0xf4 /tmp/ccSZs5D9.ltrans1.ltrans.o
                0x00000000080028a0                VectorB0
 *fill*         0x0000000008002994        0xc 
 .text.usb_lld_start_in
                0x00000000080029a0       0xac /tmp/ccSZs5D9.ltrans1.ltrans.o
                0x00000000080029a0                usb_lld_start_in
 *fill*         0x0000000008002a4c        0x4 
 .text.otg_epin_handler
                0x0000000008002a50       0xd4 /tmp/ccSZs5D9.ltrans1.ltrans.o
 *fill*         0x0000000008002b24        0xc 
 .text.usb_lld_start_out
                0x0000000008002b30       0x84 /tmp/ccSZs5D9.ltrans1.ltrans.o
                0x0000000008002b30                usb_lld_start_out
 *fill*         0x0000000008002bb4        0xc 
 .text.otg_epout_handler
                0x0000000008002bc0       0xac /tmp/ccSZs5D9.ltrans1.ltrans.o
 *fill*         0x0000000008002c6c        0x4 
 .text.usb_lld_serve_interrupt
                0x0000000008002c70      0x408 /tmp/ccSZs5D9.ltrans1.ltrans.o
 *fill*         0x0000000008003078        0x8 
 .text.Vector174
                0x0000000008003080       0x20 /tmp/ccSZs5D9.ltrans1.ltrans.o
                0x0000000008003080                Vector174
 .text.Vector14C
                0x00000000080030a0       0x20 /tmp/ccSZs5D9.ltrans1.ltrans.o
                0x00000000080030a0                Vector14C
 .text.sduInterruptTransmitted
                0x00000000080030c0        0x4 /tmp/ccSZs5D9.ltrans2.ltrans.o
                0x00000000080030c0                sduInterruptTransmitted
 *fill*         0x00000000080030c4        0xc 
 .text.sduRequestsHook
                0x00000000080030d0       0x40 /tmp/ccSZs5D9.ltrans2.ltrans.o
                0x00000000080030d0                sduRequestsHook
 .text.Vector6C
                0x0000000008003110       0x34 /tmp/ccSZs5D9.ltrans2.ltrans.o
                0x0000000008003110                Vector6C
 *fill*         0x0000000008003144        0xc 
 .text.ibnotify.lto_priv.46
                0x0000000008003150        0x8 /tmp/ccSZs5D9.ltrans2.ltrans.o
                0x0000000008003150                ibnotify.lto_priv.46
 *fill*         0x0000000008003158        0x8 
 .text.sduDataReceived
                0x0000000008003160       0xc8 /tmp/ccSZs5D9.ltrans2.ltrans.o
                0x0000000008003160                sduDataReceived
 *fill*         0x0000000008003228        0x8 
 .text.readt.lto_priv.60
                0x0000000008003230       0x20 /tmp/ccSZs5D9.ltrans2.ltrans.o
                0x0000000008003230                readt.lto_priv.60
 .text.writet.lto_priv.59
                0x0000000008003250       0x20 /tmp/ccSZs5D9.ltrans2.ltrans.o
                0x0000000008003250                writet.lto_priv.59
 .text.usbStartTransmitI
                0x0000000008003270       0x64 /tmp/ccSZs5D9.ltrans2.ltrans.o
                0x0000000008003270                usbStartTransmitI
 *fill*         0x00000000080032d4        0xc 
 .text._usb_ep0out
                0x00000000080032e0       0xa8 /tmp/ccSZs5D9.ltrans2.ltrans.o
                0x00000000080032e0                _usb_ep0out
 *fill*         0x0000000008003388        0x8 
 .text.sduDataTransmitted
                0x0000000008003390       0xf0 /tmp/ccSZs5D9.ltrans2.ltrans.o
                0x0000000008003390                sduDataTransmitted
 .text.obnotify.lto_priv.47
                0x0000000008003480       0x48 /tmp/ccSZs5D9.ltrans2.ltrans.o
                0x0000000008003480                obnotify.lto_priv.47
 *fill*         0x00000000080034c8        0x8 
 .text.usbStartReceiveI
                0x00000000080034d0       0x64 /tmp/ccSZs5D9.ltrans2.ltrans.o
                0x00000000080034d0                usbStartReceiveI
 *fill*         0x0000000008003534        0xc 
 .text._usb_ep0in
                0x0000000008003540       0xf0 /tmp/ccSZs5D9.ltrans2.ltrans.o
                0x0000000008003540                _usb_ep0in
 .text._usb_ep0setup
                0x0000000008003630      0x434 /tmp/ccSZs5D9.ltrans2.ltrans.o
                0x0000000008003630                _usb_ep0setup
 *fill*         0x0000000008003a64        0xc 
 .text.usbInitEndpointI
                0x0000000008003a70      0x1c4 /tmp/ccSZs5D9.ltrans2.ltrans.o
                0x0000000008003a70                usbInitEndpointI
 *fill*         0x0000000008003c34        0xc 
 .text.long_to_string_with_divisor
                0x0000000008003c40       0x48 /tmp/ccSZs5D9.ltrans3.ltrans.o
 *fill*         0x0000000008003c88        0x8 
 .text.serve_usart_irq
                0x0000000008003c90       0xc4 /tmp/ccSZs5D9.ltrans3.ltrans.o
 *fill*         0x0000000008003d54        0xc 
 .text.VectorDC
                0x0000000008003d60       0x20 /tmp/ccSZs5D9.ltrans3.ltrans.o
 .text.VectorD4
                0x0000000008003d80       0x20 /tmp/ccSZs5D9.ltrans3.ltrans.o
 .text.uart_lld_serve_tx_end_irq.lto_priv.40
                0x0000000008003da0       0x80 /tmp/ccSZs5D9.ltrans3.ltrans.o
                0x0000000008003da0                uart_lld_serve_tx_end_irq.lto_priv.40
 .text.uart_lld_serve_rx_end_irq.lto_priv.39
                0x0000000008003e20       0xbc /tmp/ccSZs5D9.ltrans3.ltrans.o
                0x0000000008003e20                uart_lld_serve_rx_end_irq.lto_priv.39
 *fill*         0x0000000008003edc        0x4 
 .text.chprintf
                0x0000000008003ee0      0x414 /tmp/ccSZs5D9.ltrans3.ltrans.o
                0x0000000008003ee0                chprintf
 *fill*         0x00000000080042f4        0xc 
 .text.cmd_info
                0x0000000008004300       0xbc /tmp/ccSZs5D9.ltrans3.ltrans.o
 *fill*         0x00000000080043bc        0x4 
 .text.__early_init
                0x00000000080043c0       0xc8 /tmp/ccSZs5D9.ltrans3.ltrans.o
                0x00000000080043c0                __early_init
 *fill*         0x0000000008004488        0x8 
 .text.shell_thread.lto_priv.43
                0x0000000008004490      0x224 /tmp/ccSZs5D9.ltrans3.ltrans.o
                0x0000000008004490                shell_thread.lto_priv.43
 *fill*         0x00000000080046b4        0xc 
 .text.cmd_systime
                0x00000000080046c0       0x70 /tmp/ccSZs5D9.ltrans3.ltrans.o
 .text.usb_lld_pump
                0x0000000008004730      0x2bc /tmp/ccSZs5D9.ltrans3.ltrans.o
                0x0000000008004730                usb_lld_pump
 *fill*         0x00000000080049ec        0x4 
 .text.Example  0x00000000080049f0       0x38 /tmp/ccSZs5D9.ltrans4.ltrans.o
 *fill*         0x0000000008004a28        0x8 
 .text.startup.main
                0x0000000008004a30      0xa7c /tmp/ccSZs5D9.ltrans4.ltrans.o
                0x0000000008004a30                main
 *fill*         0x00000000080054ac        0x4 
 .text.cmd_led  0x00000000080054b0        0x4 /tmp/ccSZs5D9.ltrans5.ltrans.o
                0x00000000080054b0                cmd_led
 *fill*         0x00000000080054b4        0xc 
 .text.cmd_attitude
                0x00000000080054c0        0x4 /tmp/ccSZs5D9.ltrans5.ltrans.o
                0x00000000080054c0                cmd_attitude
 *fill*         0x00000000080054c4        0xc 
 .text.rxend    0x00000000080054d0       0x3c /tmp/ccSZs5D9.ltrans5.ltrans.o
 *fill*         0x000000000800550c        0x4 
 .text.cmd_rc   0x0000000008005510       0x44 /tmp/ccSZs5D9.ltrans5.ltrans.o
                0x0000000008005510                cmd_rc
 *fill*         0x0000000008005554        0xc 
 .text.uart_dbus_thread.lto_priv.42
                0x0000000008005560      0x4f8 /tmp/ccSZs5D9.ltrans5.ltrans.o
                0x0000000008005560                uart_dbus_thread.lto_priv.42
 *fill*         0x0000000008005a58        0x8 
 .text.get_descriptor.lto_priv.51
                0x0000000008005a60       0x30 /tmp/ccSZs5D9.ltrans6.ltrans.o
                0x0000000008005a60                get_descriptor.lto_priv.51
 .text.sof_handler.lto_priv.52
                0x0000000008005a90       0xb8 /tmp/ccSZs5D9.ltrans6.ltrans.o
                0x0000000008005a90                sof_handler.lto_priv.52
 *fill*         0x0000000008005b48        0x8 
 .text.usb_event.lto_priv.50
                0x0000000008005b50       0xfc /tmp/ccSZs5D9.ltrans6.ltrans.o
                0x0000000008005b50                usb_event.lto_priv.50
 *fill*         0x0000000008005c4c        0x4 
 .text.dmaStreamAllocate.constprop.11
                0x0000000008005c50       0xd0 /tmp/ccSZs5D9.ltrans6.ltrans.o
                0x0000000008005c50                dmaStreamAllocate.constprop.11
 .text._strtok.constprop.3
                0x0000000008005d20       0x40 /tmp/ccSZs5D9.ltrans6.ltrans.o
                0x0000000008005d20                _strtok.constprop.3
 .text.memset   0x0000000008005d60       0x9c /usr/lib/gcc/arm-none-eabi/4.9.3/../../../arm-none-eabi/lib/armv7e-m/fpu/libg.a(lib_a-memset.o)
                0x0000000008005d60                memset
 *fill*         0x0000000008005dfc        0x4 
 .text.strpbrk  0x0000000008005e00       0x48 /usr/lib/gcc/arm-none-eabi/4.9.3/../../../arm-none-eabi/lib/armv7e-m/fpu/libg.a(lib_a-strpbrk.o)
                0x0000000008005e00                strpbrk
 *fill*         0x0000000008005e48        0x8 
 .text.strspn   0x0000000008005e50       0x34 /usr/lib/gcc/arm-none-eabi/4.9.3/../../../arm-none-eabi/lib/armv7e-m/fpu/libg.a(lib_a-strspn.o)
                0x0000000008005e50                strspn
 *(.rodata)
 *(.rodata.*)
 *fill*         0x0000000008005e84        0xc 
 .rodata.__func__.8147
                0x0000000008005e90       0x17 /tmp/ccSZs5D9.ltrans0.ltrans.o
 *fill*         0x0000000008005ea7        0x9 
 .rodata.__func__.6762
                0x0000000008005eb0        0xd /tmp/ccSZs5D9.ltrans0.ltrans.o
 *fill*         0x0000000008005ebd        0x3 
 .rodata.__func__.6196
                0x0000000008005ec0        0xc /tmp/ccSZs5D9.ltrans0.ltrans.o
 *fill*         0x0000000008005ecc        0x4 
 .rodata.__func__.6022.lto_priv.72
                0x0000000008005ed0        0xc /tmp/ccSZs5D9.ltrans0.ltrans.o
 *fill*         0x0000000008005edc        0x4 
 .rodata.__func__.6022.lto_priv.71
                0x0000000008005ee0        0xc /tmp/ccSZs5D9.ltrans0.ltrans.o
 *fill*         0x0000000008005eec        0x4 
 .rodata.__func__.8207
                0x0000000008005ef0       0x13 /tmp/ccSZs5D9.ltrans0.ltrans.o
 *fill*         0x0000000008005f03        0xd 
 .rodata.__func__.6781
                0x0000000008005f10        0xb /tmp/ccSZs5D9.ltrans0.ltrans.o
 *fill*         0x0000000008005f1b        0x5 
 .rodata.__func__.6336
                0x0000000008005f20        0xc /tmp/ccSZs5D9.ltrans0.ltrans.o
 *fill*         0x0000000008005f2c        0x4 
 .rodata.__func__.6725
                0x0000000008005f30        0xc /tmp/ccSZs5D9.ltrans0.ltrans.o
 *fill*         0x0000000008005f3c        0x4 
 .rodata.__func__.6728
                0x0000000008005f40        0xb /tmp/ccSZs5D9.ltrans0.ltrans.o
 *fill*         0x0000000008005f4b        0x5 
 .rodata.str1.4
                0x0000000008005f50       0x4d /tmp/ccSZs5D9.ltrans0.ltrans.o
 *fill*         0x0000000008005f9d        0x3 
 .rodata.ram_areas
                0x0000000008005fa0       0x80 /tmp/ccSZs5D9.ltrans0.ltrans.o
 .rodata.__func__.6737
                0x0000000008006020        0xd /tmp/ccSZs5D9.ltrans0.ltrans.o
 *fill*         0x000000000800602d        0x3 
 .rodata.__func__.7799
                0x0000000008006030        0xd /tmp/ccSZs5D9.ltrans0.ltrans.o
 *fill*         0x000000000800603d        0x3 
 .rodata.__func__.6745
                0x0000000008006040       0x15 /tmp/ccSZs5D9.ltrans0.ltrans.o
 *fill*         0x0000000008006055        0xb 
 .rodata.__func__.8140
                0x0000000008006060       0x19 /tmp/ccSZs5D9.ltrans0.ltrans.o
 *fill*         0x0000000008006079        0x7 
 .rodata.__func__.6803
                0x0000000008006080        0xd /tmp/ccSZs5D9.ltrans0.ltrans.o
 *fill*         0x000000000800608d        0x3 
 .rodata.__func__.8198
                0x0000000008006090       0x1a /tmp/ccSZs5D9.ltrans0.ltrans.o
 *fill*         0x00000000080060aa        0x6 
 .rodata.__func__.7806
                0x00000000080060b0        0xb /tmp/ccSZs5D9.ltrans0.ltrans.o
 *fill*         0x00000000080060bb        0x5 
 .rodata.__func__.6753
                0x00000000080060c0        0xd /tmp/ccSZs5D9.ltrans0.ltrans.o
 *fill*         0x00000000080060cd        0x3 
 .rodata.__func__.6111
                0x00000000080060d0        0xc /tmp/ccSZs5D9.ltrans1.ltrans.o
 *fill*         0x00000000080060dc        0x4 
 .rodata.ep0config
                0x00000000080060e0       0x24 /tmp/ccSZs5D9.ltrans1.ltrans.o
 *fill*         0x0000000008006104        0xc 
 .rodata.__func__.8158.lto_priv.67
                0x0000000008006110        0xe /tmp/ccSZs5D9.ltrans1.ltrans.o
                0x0000000008006110                __func__.8158.lto_priv.67
 *fill*         0x000000000800611e        0x2 
 .rodata.__func__.8203
                0x0000000008006120       0x12 /tmp/ccSZs5D9.ltrans2.ltrans.o
 *fill*         0x0000000008006132        0xe 
 .rodata.__func__.8184.lto_priv.65
                0x0000000008006140       0x17 /tmp/ccSZs5D9.ltrans2.ltrans.o
 *fill*         0x0000000008006157        0x9 
 .rodata.__func__.8184.lto_priv.66
                0x0000000008006160       0x15 /tmp/ccSZs5D9.ltrans2.ltrans.o
 *fill*         0x0000000008006175        0xb 
 .rodata.zero_status
                0x0000000008006180        0x2 /tmp/ccSZs5D9.ltrans2.ltrans.o
 *fill*         0x0000000008006182        0xe 
 .rodata.active_status
                0x0000000008006190        0x2 /tmp/ccSZs5D9.ltrans2.ltrans.o
 *fill*         0x0000000008006192        0xe 
 .rodata.__func__.8179
                0x00000000080061a0       0x11 /tmp/ccSZs5D9.ltrans2.ltrans.o
 *fill*         0x00000000080061b1        0xf 
 .rodata.__func__.6208.lto_priv.75
                0x00000000080061c0       0x14 /tmp/ccSZs5D9.ltrans2.ltrans.o
                0x00000000080061c0                __func__.6208.lto_priv.75
 *fill*         0x00000000080061d4        0xc 
 .rodata.__func__.8126
                0x00000000080061e0       0x13 /tmp/ccSZs5D9.ltrans2.ltrans.o
 *fill*         0x00000000080061f3        0xd 
 .rodata.__func__.8243
                0x0000000008006200        0xb /tmp/ccSZs5D9.ltrans2.ltrans.o
 *fill*         0x000000000800620b        0x5 
 .rodata.__func__.8195
                0x0000000008006210       0x11 /tmp/ccSZs5D9.ltrans2.ltrans.o
 *fill*         0x0000000008006221        0xf 
 .rodata.halted_status
                0x0000000008006230        0x2 /tmp/ccSZs5D9.ltrans2.ltrans.o
 *fill*         0x0000000008006232        0xe 
 .rodata.__func__.8257
                0x0000000008006240        0xc /tmp/ccSZs5D9.ltrans2.ltrans.o
 *fill*         0x000000000800624c        0x4 
 .rodata.__func__.8164
                0x0000000008006250       0x1b /tmp/ccSZs5D9.ltrans3.ltrans.o
 *fill*         0x000000000800626b        0x5 
 .rodata.__func__.6791
                0x0000000008006270        0xe /tmp/ccSZs5D9.ltrans3.ltrans.o
 *fill*         0x000000000800627e        0x2 
 .rodata.str1.4
                0x0000000008006280      0x21d /tmp/ccSZs5D9.ltrans3.ltrans.o
                                        0x221 (size before relaxing)
 *fill*         0x000000000800649d        0x3 
 .rodata.__func__.6336.lto_priv.63
                0x00000000080064a0        0xc /tmp/ccSZs5D9.ltrans3.ltrans.o
 *fill*         0x00000000080064ac        0x4 
 .rodata.__func__.6336.lto_priv.64
                0x00000000080064b0        0xc /tmp/ccSZs5D9.ltrans3.ltrans.o
 *fill*         0x00000000080064bc        0x4 
 .rodata.pow10  0x00000000080064c0       0x24 /tmp/ccSZs5D9.ltrans3.ltrans.o
 *fill*         0x00000000080064e4        0xc 
 .rodata.local_commands
                0x00000000080064f0       0x18 /tmp/ccSZs5D9.ltrans3.ltrans.o
 *fill*         0x0000000008006508        0x8 
 .rodata.__func__.7858
                0x0000000008006510        0x9 /tmp/ccSZs5D9.ltrans4.ltrans.o
 *fill*         0x0000000008006519        0x7 
 .rodata.__func__.6506
                0x0000000008006520        0xc /tmp/ccSZs5D9.ltrans4.ltrans.o
 *fill*         0x000000000800652c        0x4 
 .rodata.vmt    0x0000000008006530       0x20 /tmp/ccSZs5D9.ltrans4.ltrans.o
 .rodata.__func__.6336
                0x0000000008006550        0xc /tmp/ccSZs5D9.ltrans4.ltrans.o
 *fill*         0x000000000800655c        0x4 
 .rodata.__func__.6022
                0x0000000008006560        0xc /tmp/ccSZs5D9.ltrans4.ltrans.o
 *fill*         0x000000000800656c        0x4 
 .rodata._stm32_dma_streams
                0x0000000008006570       0xc0 /tmp/ccSZs5D9.ltrans4.ltrans.o
 .rodata.usbcfg
                0x0000000008006630       0x10 /tmp/ccSZs5D9.ltrans4.ltrans.o
 .rodata.__func__.8162
                0x0000000008006640        0x9 /tmp/ccSZs5D9.ltrans4.ltrans.o
 *fill*         0x0000000008006649        0x7 
 .rodata.ch_debug
                0x0000000008006650       0x16 /tmp/ccSZs5D9.ltrans4.ltrans.o
 *fill*         0x0000000008006666        0xa 
 .rodata.str1.4
                0x0000000008006670       0x28 /tmp/ccSZs5D9.ltrans4.ltrans.o
 *fill*         0x0000000008006698        0x8 
 .rodata.fsparams
                0x00000000080066a0        0xc /tmp/ccSZs5D9.ltrans4.ltrans.o
 *fill*         0x00000000080066ac        0x4 
 .rodata.serusbcfg
                0x00000000080066b0        0x8 /tmp/ccSZs5D9.ltrans4.ltrans.o
 *fill*         0x00000000080066b8        0x8 
 .rodata.commands
                0x00000000080066c0       0x20 /tmp/ccSZs5D9.ltrans4.ltrans.o
 .rodata.hsparams
                0x00000000080066e0        0xc /tmp/ccSZs5D9.ltrans4.ltrans.o
 *fill*         0x00000000080066ec        0x4 
 .rodata.shell_cfg1
                0x00000000080066f0        0x8 /tmp/ccSZs5D9.ltrans4.ltrans.o
 *fill*         0x00000000080066f8        0x8 
 .rodata.__func__.7835
                0x0000000008006700       0x11 /tmp/ccSZs5D9.ltrans5.ltrans.o
 *fill*         0x0000000008006711        0xf 
 .rodata.__func__.7884
                0x0000000008006720       0x11 /tmp/ccSZs5D9.ltrans5.ltrans.o
 *fill*         0x0000000008006731        0xf 
 .rodata.__func__.6797
                0x0000000008006740       0x15 /tmp/ccSZs5D9.ltrans5.ltrans.o
 *fill*         0x0000000008006755        0xb 
 .rodata.str1.4
                0x0000000008006760       0x63 /tmp/ccSZs5D9.ltrans5.ltrans.o
 *fill*         0x00000000080067c3        0xd 
 .rodata.__func__.6022.lto_priv.36
                0x00000000080067d0        0xc /tmp/ccSZs5D9.ltrans5.ltrans.o
 *fill*         0x00000000080067dc        0x4 
 .rodata.__func__.7846
                0x00000000080067e0       0x10 /tmp/ccSZs5D9.ltrans5.ltrans.o
 .rodata.__func__.7850
                0x00000000080067f0        0xf /tmp/ccSZs5D9.ltrans5.ltrans.o
 *fill*         0x00000000080067ff        0x1 
 .rodata.__func__.6022.lto_priv.37
                0x0000000008006800        0xc /tmp/ccSZs5D9.ltrans5.ltrans.o
 *fill*         0x000000000800680c        0x4 
 .rodata.__func__.7803
                0x0000000008006810        0xa /tmp/ccSZs5D9.ltrans5.ltrans.o
 *fill*         0x000000000800681a        0x6 
 .rodata.ep1config
                0x0000000008006820       0x24 /tmp/ccSZs5D9.ltrans6.ltrans.o
 *fill*         0x0000000008006844        0xc 
 .rodata.__func__.7877
                0x0000000008006850       0x12 /tmp/ccSZs5D9.ltrans6.ltrans.o
 *fill*         0x0000000008006862        0xe 
 .rodata.__func__.7882
                0x0000000008006870        0xc /tmp/ccSZs5D9.ltrans6.ltrans.o
 *fill*         0x000000000800687c        0x4 
 .rodata.vcom_configuration_descriptor
                0x0000000008006880        0x8 /tmp/ccSZs5D9.ltrans6.ltrans.o
 *fill*         0x0000000008006888        0x8 
 .rodata.ep2config
                0x0000000008006890       0x24 /tmp/ccSZs5D9.ltrans6.ltrans.o
 *fill*         0x00000000080068b4        0xc 
 .rodata.str1.4
                0x00000000080068c0        0x4 /tmp/ccSZs5D9.ltrans6.ltrans.o
                                          0x3 (size before relaxing)
 *fill*         0x00000000080068c4        0xc 
 .rodata.vcom_device_descriptor_data
                0x00000000080068d0       0x12 /tmp/ccSZs5D9.ltrans6.ltrans.o
 *fill*         0x00000000080068e2        0xe 
 .rodata.vcom_configuration_descriptor_data
                0x00000000080068f0       0x43 /tmp/ccSZs5D9.ltrans6.ltrans.o
 *fill*         0x0000000008006933        0xd 
 .rodata.vcom_string0
                0x0000000008006940        0x4 /tmp/ccSZs5D9.ltrans6.ltrans.o
 *fill*         0x0000000008006944        0xc 
 .rodata.vcom_string1
                0x0000000008006950       0x26 /tmp/ccSZs5D9.ltrans6.ltrans.o
 *fill*         0x0000000008006976        0xa 
 .rodata.vcom_string2
                0x0000000008006980       0x38 /tmp/ccSZs5D9.ltrans6.ltrans.o
 *fill*         0x00000000080069b8        0x8 
 .rodata.vcom_string3
                0x00000000080069c0        0x8 /tmp/ccSZs5D9.ltrans6.ltrans.o
 *fill*         0x00000000080069c8        0x8 
 .rodata.vcom_strings
                0x00000000080069d0       0x20 /tmp/ccSZs5D9.ltrans6.ltrans.o
 .rodata.vcom_device_descriptor
                0x00000000080069f0        0x8 /tmp/ccSZs5D9.ltrans6.ltrans.o
 *(.glue_7t)
 .glue_7t       0x00000000080069f8        0x0 linker stubs
 *(.glue_7)
 .glue_7        0x00000000080069f8        0x0 linker stubs
 *(.gcc*)

.vfp11_veneer   0x00000000080069f8        0x0
 .vfp11_veneer  0x00000000080069f8        0x0 linker stubs

.v4_bx          0x00000000080069f8        0x0
 .v4_bx         0x00000000080069f8        0x0 linker stubs

.iplt           0x00000000080069f8        0x0
 .iplt          0x00000000080069f8        0x0 build/obj/crt0_v7m.o

.rel.dyn        0x00000000080069f8        0x0
 .rel.iplt      0x00000000080069f8        0x0 build/obj/crt0_v7m.o

.ARM.extab
 *(.ARM.extab* .gnu.linkonce.armextab.*)

.ARM.exidx      0x00000000080069f8        0x0
                0x00000000080069f8                __exidx_start = .
 *(.ARM.exidx* .gnu.linkonce.armexidx.*)
                0x00000000080069f8                __exidx_end = .

.eh_frame_hdr
 *(.eh_frame_hdr)

.eh_frame
 *(.eh_frame)

.textalign      0x00000000080069f8        0x0
                0x00000000080069f8                . = ALIGN (0x8)
                0x00000000080069f8                . = ALIGN (0x4)
                [!provide]                        PROVIDE (_etext, .)

.mstack         0x0000000020000000      0x400
                0x0000000020000000                . = ALIGN (0x8)
                0x0000000020000000                __main_stack_base__ = .
                0x0000000020000400                . = (. + __main_stack_size__)
 *fill*         0x0000000020000000      0x400 
                0x0000000020000400                . = ALIGN (0x8)
                0x0000000020000400                __main_stack_end__ = .

.pstack         0x0000000020000400      0x400
                0x0000000020000400                __process_stack_base__ = .
                0x0000000020000400                __main_thread_stack_base__ = .
                0x0000000020000800                . = (. + __process_stack_size__)
 *fill*         0x0000000020000400      0x400 
                0x0000000020000800                . = ALIGN (0x8)
                0x0000000020000800                __process_stack_end__ = .
                0x0000000020000800                __main_thread_stack_end__ = .

.data           0x0000000020000800       0x2c load address 0x00000000080069f8
                0x0000000020000800                . = ALIGN (0x4)
                [!provide]                        PROVIDE (_textdata, LOADADDR (.data))
                [!provide]                        PROVIDE (_data, .)
                0x00000000080069f8                _textdata_start = LOADADDR (.data)
                0x0000000020000800                _data_start = .
 *(.data)
 *(.data.*)
 .data.linecoding
                0x0000000020000800        0x7 /tmp/ccSZs5D9.ltrans2.ltrans.o
 *fill*         0x0000000020000807        0x1 
 .data.uart_cfg
                0x0000000020000808       0x20 /tmp/ccSZs5D9.ltrans5.ltrans.o
 .data.rx_start_flag
                0x0000000020000828        0x1 /tmp/ccSZs5D9.ltrans5.ltrans.o
 *(.ramtext)
                0x000000002000082c                . = ALIGN (0x4)
 *fill*         0x0000000020000829        0x3 
                [!provide]                        PROVIDE (_edata, .)
                0x000000002000082c                _data_end = .

.igot.plt       0x000000002000082c        0x0 load address 0x0000000008006a24
 .igot.plt      0x000000002000082c        0x0 build/obj/crt0_v7m.o

.bss            0x0000000020000830     0x1c80 load address 0x0000000008006a24
                0x0000000020000830                . = ALIGN (0x4)
                0x0000000020000830                _bss_start = .
 *(.bss)
 *(.bss.*)
 .bss.ep0setup_buffer
                0x0000000020000830        0x8 /tmp/ccSZs5D9.ltrans1.ltrans.o
 .bss.ep0_state
                0x0000000020000838       0x10 /tmp/ccSZs5D9.ltrans1.ltrans.o
 .bss.CAND1     0x0000000020000848       0x30 /tmp/ccSZs5D9.ltrans4.ltrans.o
                0x0000000020000848                CAND1
 .bss.CAND2     0x0000000020000878       0x30 /tmp/ccSZs5D9.ltrans4.ltrans.o
                0x0000000020000878                CAND2
 .bss.USBD1     0x00000000200008a8      0x278 /tmp/ccSZs5D9.ltrans4.ltrans.o
                0x00000000200008a8                USBD1
 .bss.USBD2     0x0000000020000b20      0x278 /tmp/ccSZs5D9.ltrans4.ltrans.o
                0x0000000020000b20                USBD2
 .bss.Shell_thread_wa
                0x0000000020000d98      0x570 /tmp/ccSZs5D9.ltrans4.ltrans.o
 .bss.endmem.lto_priv.73
                0x0000000020001308        0x4 /tmp/ccSZs5D9.ltrans4.ltrans.o
                0x0000000020001308                endmem.lto_priv.73
 *fill*         0x000000002000130c        0x4 
 .bss.uart_dbus_thread_wa
                0x0000000020001310      0x370 /tmp/ccSZs5D9.ltrans4.ltrans.o
 .bss.nextmem.lto_priv.74
                0x0000000020001680        0x4 /tmp/ccSZs5D9.ltrans4.ltrans.o
                0x0000000020001680                nextmem.lto_priv.74
 .bss.rc        0x0000000020001684        0x4 /tmp/ccSZs5D9.ltrans4.ltrans.o
 .bss.shell_terminated
                0x0000000020001688        0x4 /tmp/ccSZs5D9.ltrans4.ltrans.o
                0x0000000020001688                shell_terminated
 *fill*         0x000000002000168c        0x4 
 .bss.Example_wa
                0x0000000020001690      0x1f0 /tmp/ccSZs5D9.ltrans4.ltrans.o
 .bss.default_heap
                0x0000000020001880       0x20 /tmp/ccSZs5D9.ltrans4.ltrans.o
 .bss.rxbuf     0x00000000200018a0       0x12 /tmp/ccSZs5D9.ltrans5.ltrans.o
 *fill*         0x00000000200018b2        0x2 
 .bss.RC_Ctl.lto_priv.41
                0x00000000200018b4        0xa /tmp/ccSZs5D9.ltrans5.ltrans.o
                0x00000000200018b4                RC_Ctl.lto_priv.41
 *fill*         0x00000000200018be        0x2 
 .bss.UARTD3    0x00000000200018c0       0x28 /tmp/ccSZs5D9.ltrans5.ltrans.o
                0x00000000200018c0                UARTD3
 .bss.uart_dbus_thread_handler
                0x00000000200018e8        0x4 /tmp/ccSZs5D9.ltrans5.ltrans.o
 .bss.dma_streams_mask.lto_priv.38
                0x00000000200018ec        0x4 /tmp/ccSZs5D9.ltrans6.ltrans.o
                0x00000000200018ec                dma_streams_mask.lto_priv.38
 .bss.SDU1      0x00000000200018f0      0x488 /tmp/ccSZs5D9.ltrans6.ltrans.o
                0x00000000200018f0                SDU1
 .bss.dma_isr_redir.lto_priv.49
                0x0000000020001d78       0x80 /tmp/ccSZs5D9.ltrans6.ltrans.o
                0x0000000020001d78                dma_isr_redir.lto_priv.49
 .bss.ch        0x0000000020001df8      0x660 /tmp/ccSZs5D9.ltrans6.ltrans.o
                0x0000000020001df8                ch
 .bss.ep2instate
                0x0000000020002458       0x10 /tmp/ccSZs5D9.ltrans6.ltrans.o
 .bss.ep1outstate
                0x0000000020002468       0x10 /tmp/ccSZs5D9.ltrans6.ltrans.o
 .bss.UARTD1    0x0000000020002478       0x28 /tmp/ccSZs5D9.ltrans6.ltrans.o
                0x0000000020002478                UARTD1
 .bss.ep1instate
                0x00000000200024a0       0x10 /tmp/ccSZs5D9.ltrans6.ltrans.o
 *(COMMON)
                0x00000000200024b0                . = ALIGN (0x4)
                0x00000000200024b0                _bss_end = .
                [!provide]                        PROVIDE (end, .)

.ram0_init      0x00000000200024b0        0x0 load address 0x0000000008006a24
                0x00000000200024b0                . = ALIGN (0x4)
                0x0000000008006a24                __ram0_init_text__ = LOADADDR (.ram0_init)
                0x00000000200024b0                __ram0_init__ = .
 *(.ram0_init)
 *(.ram0_init.*)
                0x00000000200024b0                . = ALIGN (0x4)

.ram0           0x00000000200024b0        0x0 load address 0x0000000008006a24
                0x00000000200024b0                . = ALIGN (0x4)
                0x00000000200024b0                __ram0_clear__ = .
 *(.ram0_clear)
 *(.ram0_clear.*)
                0x00000000200024b0                . = ALIGN (0x4)
                0x00000000200024b0                __ram0_noinit__ = .
 *(.ram0)
 *(.ram0.*)
                0x00000000200024b0                . = ALIGN (0x4)
                0x00000000200024b0                __ram0_free__ = .

.ram1_init      0x0000000020000000        0x0 load address 0x0000000008006a24
                0x0000000020000000                . = ALIGN (0x4)
                0x0000000008006a24                __ram1_init_text__ = LOADADDR (.ram1_init)
                0x0000000020000000                __ram1_init__ = .
 *(.ram1_init)
 *(.ram1_init.*)
                0x0000000020000000                . = ALIGN (0x4)

.ram1           0x0000000020000000        0x0 load address 0x0000000008006a24
                0x0000000020000000                . = ALIGN (0x4)
                0x0000000020000000                __ram1_clear__ = .
 *(.ram1_clear)
 *(.ram1_clear.*)
                0x0000000020000000                . = ALIGN (0x4)
                0x0000000020000000                __ram1_noinit__ = .
 *(.ram1)
 *(.ram1.*)
                0x0000000020000000                . = ALIGN (0x4)
                0x0000000020000000                __ram1_free__ = .

.ram2_init      0x000000002001c000        0x0 load address 0x0000000008006a24
                0x000000002001c000                . = ALIGN (0x4)
                0x0000000008006a24                __ram2_init_text__ = LOADADDR (.ram2_init)
                0x000000002001c000                __ram2_init__ = .
 *(.ram2_init)
 *(.ram2_init.*)
                0x000000002001c000                . = ALIGN (0x4)

.ram2           0x000000002001c000        0x0 load address 0x0000000008006a24
                0x000000002001c000                . = ALIGN (0x4)
                0x000000002001c000                __ram2_clear__ = .
 *(.ram2_clear)
 *(.ram2_clear.*)
                0x000000002001c000                . = ALIGN (0x4)
                0x000000002001c000                __ram2_noinit__ = .
 *(.ram2)
 *(.ram2.*)
                0x000000002001c000                . = ALIGN (0x4)
                0x000000002001c000                __ram2_free__ = .

.ram3_init      0x0000000020020000        0x0 load address 0x0000000008006a24
                0x0000000020020000                . = ALIGN (0x4)
                0x0000000008006a24                __ram3_init_text__ = LOADADDR (.ram3_init)
                0x0000000020020000                __ram3_init__ = .
 *(.ram3_init)
 *(.ram3_init.*)
                0x0000000020020000                . = ALIGN (0x4)

.ram3           0x0000000020020000        0x0 load address 0x0000000008006a24
                0x0000000020020000                . = ALIGN (0x4)
                0x0000000020020000                __ram3_clear__ = .
 *(.ram3_clear)
 *(.ram3_clear.*)
                0x0000000020020000                . = ALIGN (0x4)
                0x0000000020020000                __ram3_noinit__ = .
 *(.ram3)
 *(.ram3.*)
                0x0000000020020000                . = ALIGN (0x4)
                0x0000000020020000                __ram3_free__ = .

.ram4_init      0x0000000010000000        0x0 load address 0x0000000008006a24
                0x0000000010000000                . = ALIGN (0x4)
                0x0000000008006a24                __ram4_init_text__ = LOADADDR (.ram4_init)
                0x0000000010000000                __ram4_init__ = .
 *(.ram4_init)
 *(.ram4_init.*)
                0x0000000010000000                . = ALIGN (0x4)

.ram4           0x0000000010000000        0x0 load address 0x0000000008006a24
                0x0000000010000000                . = ALIGN (0x4)
                0x0000000010000000                __ram4_clear__ = .
 *(.ram4_clear)
 *(.ram4_clear.*)
                0x0000000010000000                . = ALIGN (0x4)
                0x0000000010000000                __ram4_noinit__ = .
 *(.ram4)
 *(.ram4.*)
                0x0000000010000000                . = ALIGN (0x4)
                0x0000000010000000                __ram4_free__ = .

.ram5_init      0x0000000040024000        0x0 load address 0x0000000008006a24
                0x0000000040024000                . = ALIGN (0x4)
                0x0000000008006a24                __ram5_init_text__ = LOADADDR (.ram5_init)
                0x0000000040024000                __ram5_init__ = .
 *(.ram5_init)
 *(.ram5_init.*)
                0x0000000040024000                . = ALIGN (0x4)

.ram5           0x0000000040024000        0x0 load address 0x0000000008006a24
                0x0000000040024000                . = ALIGN (0x4)
                0x0000000040024000                __ram5_clear__ = .
 *(.ram5_clear)
 *(.ram5_clear.*)
                0x0000000040024000                . = ALIGN (0x4)
                0x0000000040024000                __ram5_noinit__ = .
 *(.ram5)
 *(.ram5.*)
                0x0000000040024000                . = ALIGN (0x4)
                0x0000000040024000                __ram5_free__ = .

.ram6_init      0x0000000000000000        0x0 load address 0x0000000008006a24
                0x0000000000000000                . = ALIGN (0x4)
                0x0000000008006a24                __ram6_init_text__ = LOADADDR (.ram6_init)
                0x0000000000000000                __ram6_init__ = .
 *(.ram6_init)
 *(.ram6_init.*)
                0x0000000000000000                . = ALIGN (0x4)

.ram6           0x0000000000000000        0x0 load address 0x0000000008006a24
                0x0000000000000000                . = ALIGN (0x4)
                0x0000000000000000                __ram6_clear__ = .
 *(.ram6_clear)
 *(.ram6_clear.*)
                0x0000000000000000                . = ALIGN (0x4)
                0x0000000000000000                __ram6_noinit__ = .
 *(.ram6)
 *(.ram6.*)
                0x0000000000000000                . = ALIGN (0x4)
                0x0000000000000000                __ram6_free__ = .

.ram7_init      0x0000000000000000        0x0 load address 0x0000000008006a24
                0x0000000000000000                . = ALIGN (0x4)
                0x0000000008006a24                __ram7_init_text__ = LOADADDR (.ram7_init)
                0x0000000000000000                __ram7_init__ = .
 *(.ram7_init)
 *(.ram7_init.*)
                0x0000000000000000                . = ALIGN (0x4)

.ram7           0x0000000000000000        0x0 load address 0x0000000008006a24
                0x0000000000000000                . = ALIGN (0x4)
                0x0000000000000000                __ram7_clear__ = .
 *(.ram7_clear)
 *(.ram7_clear.*)
                0x0000000000000000                . = ALIGN (0x4)
                0x0000000000000000                __ram7_noinit__ = .
 *(.ram7)
 *(.ram7.*)
                0x0000000000000000                . = ALIGN (0x4)
                0x0000000000000000                __ram7_free__ = .

.heap           0x00000000200024b0    0x2db50
                0x00000000200024b0                . = ALIGN (0x8)
                0x00000000200024b0                __heap_base__ = .
                0x0000000020030000                . = (ORIGIN (HEAP_RAM) + LENGTH (HEAP_RAM))
 *fill*         0x00000000200024b0    0x2db50 
                0x0000000020030000                __heap_end__ = .
                0x0000000000000400                __process_stack_size__ = 0x400
                0x0000000000000400                __main_stack_size__ = 0x400
LOAD /usr/lib/gcc/arm-none-eabi/4.9.3/../../../arm-none-eabi/lib/armv7e-m/fpu/libm.a
START GROUP
LOAD /usr/lib/gcc/arm-none-eabi/4.9.3/armv7e-m/fpu/libgcc.a
LOAD /usr/lib/gcc/arm-none-eabi/4.9.3/../../../arm-none-eabi/lib/armv7e-m/fpu/libg.a
LOAD /usr/lib/gcc/arm-none-eabi/4.9.3/../../../arm-none-eabi/lib/armv7e-m/fpu/libc.a
END GROUP
OUTPUT(build/ch.elf elf32-littlearm)

.ARM.attributes
                0x0000000000000000       0x35
 .ARM.attributes
                0x0000000000000000       0x25 build/obj/crt0_v7m.o
 .ARM.attributes
                0x0000000000000025       0x25 build/obj/chcoreasm_v7m.o
 .ARM.attributes
                0x000000000000004a       0x37 /tmp/ccSZs5D9.ltrans0.ltrans.o
 .ARM.attributes
                0x0000000000000081       0x37 /tmp/ccSZs5D9.ltrans1.ltrans.o
 .ARM.attributes
                0x00000000000000b8       0x37 /tmp/ccSZs5D9.ltrans2.ltrans.o
 .ARM.attributes
                0x00000000000000ef       0x37 /tmp/ccSZs5D9.ltrans3.ltrans.o
 .ARM.attributes
                0x0000000000000126       0x37 /tmp/ccSZs5D9.ltrans4.ltrans.o
 .ARM.attributes
                0x000000000000015d       0x37 /tmp/ccSZs5D9.ltrans5.ltrans.o
 .ARM.attributes
                0x0000000000000194       0x37 /tmp/ccSZs5D9.ltrans6.ltrans.o
 .ARM.attributes
                0x00000000000001cb       0x22 /usr/lib/gcc/arm-none-eabi/4.9.3/armv7e-m/fpu/libgcc.a(_arm_addsubdf3.o)
 .ARM.attributes
                0x00000000000001ed       0x22 /usr/lib/gcc/arm-none-eabi/4.9.3/armv7e-m/fpu/libgcc.a(_arm_muldivdf3.o)
 .ARM.attributes
                0x000000000000020f       0x22 /usr/lib/gcc/arm-none-eabi/4.9.3/armv7e-m/fpu/libgcc.a(_arm_fixdfsi.o)
 .ARM.attributes
                0x0000000000000231       0x22 /usr/lib/gcc/arm-none-eabi/4.9.3/armv7e-m/fpu/libgcc.a(_arm_truncdfsf2.o)
 .ARM.attributes
                0x0000000000000253       0x20 /usr/lib/gcc/arm-none-eabi/4.9.3/../../../arm-none-eabi/lib/armv7e-m/fpu/libg.a(lib_a-memcpy.o)
 .ARM.attributes
                0x0000000000000273       0x34 /usr/lib/gcc/arm-none-eabi/4.9.3/../../../arm-none-eabi/lib/armv7e-m/fpu/libg.a(lib_a-memset.o)
 .ARM.attributes
                0x00000000000002a7       0x20 /usr/lib/gcc/arm-none-eabi/4.9.3/../../../arm-none-eabi/lib/armv7e-m/fpu/libg.a(lib_a-strcmp.o)
 .ARM.attributes
                0x00000000000002c7       0x34 /usr/lib/gcc/arm-none-eabi/4.9.3/../../../arm-none-eabi/lib/armv7e-m/fpu/libg.a(lib_a-strpbrk.o)
 .ARM.attributes
                0x00000000000002fb       0x34 /usr/lib/gcc/arm-none-eabi/4.9.3/../../../arm-none-eabi/lib/armv7e-m/fpu/libg.a(lib_a-strspn.o)

.comment        0x0000000000000000       0x70
 .comment       0x0000000000000000       0x38 /tmp/ccSZs5D9.ltrans0.ltrans.o
                                         0x39 (size before relaxing)
 .comment       0x0000000000000038       0x39 /tmp/ccSZs5D9.ltrans1.ltrans.o
 .comment       0x0000000000000038       0x39 /tmp/ccSZs5D9.ltrans2.ltrans.o
 .comment       0x0000000000000038       0x39 /tmp/ccSZs5D9.ltrans3.ltrans.o
 .comment       0x0000000000000038       0x39 /tmp/ccSZs5D9.ltrans4.ltrans.o
 .comment       0x0000000000000038       0x39 /tmp/ccSZs5D9.ltrans5.ltrans.o
 .comment       0x0000000000000038       0x39 /tmp/ccSZs5D9.ltrans6.ltrans.o
 .comment       0x0000000000000038       0x38 /usr/lib/gcc/arm-none-eabi/4.9.3/../../../arm-none-eabi/lib/armv7e-m/fpu/libg.a(lib_a-memset.o)
                                         0x39 (size before relaxing)
 .comment       0x0000000000000070       0x39 /usr/lib/gcc/arm-none-eabi/4.9.3/../../../arm-none-eabi/lib/armv7e-m/fpu/libg.a(lib_a-strpbrk.o)
 .comment       0x0000000000000070       0x39 /usr/lib/gcc/arm-none-eabi/4.9.3/../../../arm-none-eabi/lib/armv7e-m/fpu/libg.a(lib_a-strspn.o)

.debug_info     0x0000000000000000    0x190d3
 .debug_info    0x0000000000000000     0x5289 /tmp/ccSZs5D9.ltrans0.ltrans.o
 .debug_info    0x0000000000005289     0x3b02 /tmp/ccSZs5D9.ltrans1.ltrans.o
 .debug_info    0x0000000000008d8b     0x37f8 /tmp/ccSZs5D9.ltrans2.ltrans.o
 .debug_info    0x000000000000c583     0x442c /tmp/ccSZs5D9.ltrans3.ltrans.o
 .debug_info    0x00000000000109af     0x3b5c /tmp/ccSZs5D9.ltrans4.ltrans.o
 .debug_info    0x000000000001450b     0x1bd2 /tmp/ccSZs5D9.ltrans5.ltrans.o
 .debug_info    0x00000000000160dd     0x288c /tmp/ccSZs5D9.ltrans6.ltrans.o
 .debug_info    0x0000000000018969       0xc2 /usr/lib/gcc/arm-none-eabi/4.9.3/armv7e-m/fpu/libgcc.a(_arm_addsubdf3.o)
 .debug_info    0x0000000000018a2b       0xc2 /usr/lib/gcc/arm-none-eabi/4.9.3/armv7e-m/fpu/libgcc.a(_arm_muldivdf3.o)
 .debug_info    0x0000000000018aed       0xc2 /usr/lib/gcc/arm-none-eabi/4.9.3/armv7e-m/fpu/libgcc.a(_arm_fixdfsi.o)
 .debug_info    0x0000000000018baf       0xc2 /usr/lib/gcc/arm-none-eabi/4.9.3/armv7e-m/fpu/libgcc.a(_arm_truncdfsf2.o)
 .debug_info    0x0000000000018c71       0xd5 /usr/lib/gcc/arm-none-eabi/4.9.3/../../../arm-none-eabi/lib/armv7e-m/fpu/libg.a(lib_a-memcpy.o)
 .debug_info    0x0000000000018d46      0x117 /usr/lib/gcc/arm-none-eabi/4.9.3/../../../arm-none-eabi/lib/armv7e-m/fpu/libg.a(lib_a-memset.o)
 .debug_info    0x0000000000018e5d       0xd4 /usr/lib/gcc/arm-none-eabi/4.9.3/../../../arm-none-eabi/lib/armv7e-m/fpu/libg.a(lib_a-strcmp.o)
 .debug_info    0x0000000000018f31       0xc8 /usr/lib/gcc/arm-none-eabi/4.9.3/../../../arm-none-eabi/lib/armv7e-m/fpu/libg.a(lib_a-strpbrk.o)
 .debug_info    0x0000000000018ff9       0xda /usr/lib/gcc/arm-none-eabi/4.9.3/../../../arm-none-eabi/lib/armv7e-m/fpu/libg.a(lib_a-strspn.o)

.debug_abbrev   0x0000000000000000     0x2be9
 .debug_abbrev  0x0000000000000000      0x72c /tmp/ccSZs5D9.ltrans0.ltrans.o
 .debug_abbrev  0x000000000000072c      0x5cb /tmp/ccSZs5D9.ltrans1.ltrans.o
 .debug_abbrev  0x0000000000000cf7      0x5e4 /tmp/ccSZs5D9.ltrans2.ltrans.o
 .debug_abbrev  0x00000000000012db      0x75e /tmp/ccSZs5D9.ltrans3.ltrans.o
 .debug_abbrev  0x0000000000001a39      0x594 /tmp/ccSZs5D9.ltrans4.ltrans.o
 .debug_abbrev  0x0000000000001fcd      0x4d3 /tmp/ccSZs5D9.ltrans5.ltrans.o
 .debug_abbrev  0x00000000000024a0      0x523 /tmp/ccSZs5D9.ltrans6.ltrans.o
 .debug_abbrev  0x00000000000029c3       0x14 /usr/lib/gcc/arm-none-eabi/4.9.3/armv7e-m/fpu/libgcc.a(_arm_addsubdf3.o)
 .debug_abbrev  0x00000000000029d7       0x14 /usr/lib/gcc/arm-none-eabi/4.9.3/armv7e-m/fpu/libgcc.a(_arm_muldivdf3.o)
 .debug_abbrev  0x00000000000029eb       0x14 /usr/lib/gcc/arm-none-eabi/4.9.3/armv7e-m/fpu/libgcc.a(_arm_fixdfsi.o)
 .debug_abbrev  0x00000000000029ff       0x14 /usr/lib/gcc/arm-none-eabi/4.9.3/armv7e-m/fpu/libgcc.a(_arm_truncdfsf2.o)
 .debug_abbrev  0x0000000000002a13       0x14 /usr/lib/gcc/arm-none-eabi/4.9.3/../../../arm-none-eabi/lib/armv7e-m/fpu/libg.a(lib_a-memcpy.o)
 .debug_abbrev  0x0000000000002a27       0x9f /usr/lib/gcc/arm-none-eabi/4.9.3/../../../arm-none-eabi/lib/armv7e-m/fpu/libg.a(lib_a-memset.o)
 .debug_abbrev  0x0000000000002ac6       0x14 /usr/lib/gcc/arm-none-eabi/4.9.3/../../../arm-none-eabi/lib/armv7e-m/fpu/libg.a(lib_a-strcmp.o)
 .debug_abbrev  0x0000000000002ada       0x81 /usr/lib/gcc/arm-none-eabi/4.9.3/../../../arm-none-eabi/lib/armv7e-m/fpu/libg.a(lib_a-strpbrk.o)
 .debug_abbrev  0x0000000000002b5b       0x8e /usr/lib/gcc/arm-none-eabi/4.9.3/../../../arm-none-eabi/lib/armv7e-m/fpu/libg.a(lib_a-strspn.o)

.debug_loc      0x0000000000000000     0x6984
 .debug_loc     0x0000000000000000     0x1b58 /tmp/ccSZs5D9.ltrans0.ltrans.o
 .debug_loc     0x0000000000001b58      0xfe4 /tmp/ccSZs5D9.ltrans1.ltrans.o
 .debug_loc     0x0000000000002b3c     0x1346 /tmp/ccSZs5D9.ltrans2.ltrans.o
 .debug_loc     0x0000000000003e82     0x198c /tmp/ccSZs5D9.ltrans3.ltrans.o
 .debug_loc     0x000000000000580e      0x466 /tmp/ccSZs5D9.ltrans4.ltrans.o
 .debug_loc     0x0000000000005c74      0x589 /tmp/ccSZs5D9.ltrans5.ltrans.o
 .debug_loc     0x00000000000061fd      0x46c /tmp/ccSZs5D9.ltrans6.ltrans.o
 .debug_loc     0x0000000000006669      0x1ae /usr/lib/gcc/arm-none-eabi/4.9.3/../../../arm-none-eabi/lib/armv7e-m/fpu/libg.a(lib_a-memset.o)
 .debug_loc     0x0000000000006817       0xb7 /usr/lib/gcc/arm-none-eabi/4.9.3/../../../arm-none-eabi/lib/armv7e-m/fpu/libg.a(lib_a-strpbrk.o)
 .debug_loc     0x00000000000068ce       0xb6 /usr/lib/gcc/arm-none-eabi/4.9.3/../../../arm-none-eabi/lib/armv7e-m/fpu/libg.a(lib_a-strspn.o)

.debug_aranges  0x0000000000000000      0x620
 .debug_aranges
                0x0000000000000000      0x1e8 /tmp/ccSZs5D9.ltrans0.ltrans.o
 .debug_aranges
                0x00000000000001e8      0x130 /tmp/ccSZs5D9.ltrans1.ltrans.o
 .debug_aranges
                0x0000000000000318       0x90 /tmp/ccSZs5D9.ltrans2.ltrans.o
 .debug_aranges
                0x00000000000003a8       0xb0 /tmp/ccSZs5D9.ltrans3.ltrans.o
 .debug_aranges
                0x0000000000000458       0x28 /tmp/ccSZs5D9.ltrans4.ltrans.o
 .debug_aranges
                0x0000000000000480       0x40 /tmp/ccSZs5D9.ltrans5.ltrans.o
 .debug_aranges
                0x00000000000004c0       0x40 /tmp/ccSZs5D9.ltrans6.ltrans.o
 .debug_aranges
                0x0000000000000500       0x20 /usr/lib/gcc/arm-none-eabi/4.9.3/armv7e-m/fpu/libgcc.a(_arm_addsubdf3.o)
 .debug_aranges
                0x0000000000000520       0x20 /usr/lib/gcc/arm-none-eabi/4.9.3/armv7e-m/fpu/libgcc.a(_arm_muldivdf3.o)
 .debug_aranges
                0x0000000000000540       0x20 /usr/lib/gcc/arm-none-eabi/4.9.3/armv7e-m/fpu/libgcc.a(_arm_fixdfsi.o)
 .debug_aranges
                0x0000000000000560       0x20 /usr/lib/gcc/arm-none-eabi/4.9.3/armv7e-m/fpu/libgcc.a(_arm_truncdfsf2.o)
 .debug_aranges
                0x0000000000000580       0x20 /usr/lib/gcc/arm-none-eabi/4.9.3/../../../arm-none-eabi/lib/armv7e-m/fpu/libg.a(lib_a-memcpy.o)
 .debug_aranges
                0x00000000000005a0       0x20 /usr/lib/gcc/arm-none-eabi/4.9.3/../../../arm-none-eabi/lib/armv7e-m/fpu/libg.a(lib_a-memset.o)
 .debug_aranges
                0x00000000000005c0       0x20 /usr/lib/gcc/arm-none-eabi/4.9.3/../../../arm-none-eabi/lib/armv7e-m/fpu/libg.a(lib_a-strcmp.o)
 .debug_aranges
                0x00000000000005e0       0x20 /usr/lib/gcc/arm-none-eabi/4.9.3/../../../arm-none-eabi/lib/armv7e-m/fpu/libg.a(lib_a-strpbrk.o)
 .debug_aranges
                0x0000000000000600       0x20 /usr/lib/gcc/arm-none-eabi/4.9.3/../../../arm-none-eabi/lib/armv7e-m/fpu/libg.a(lib_a-strspn.o)

.debug_ranges   0x0000000000000000     0x24a0
 .debug_ranges  0x0000000000000000      0x900 /tmp/ccSZs5D9.ltrans0.ltrans.o
 .debug_ranges  0x0000000000000900      0x380 /tmp/ccSZs5D9.ltrans1.ltrans.o
 .debug_ranges  0x0000000000000c80      0x2f0 /tmp/ccSZs5D9.ltrans2.ltrans.o
 .debug_ranges  0x0000000000000f70      0x3b0 /tmp/ccSZs5D9.ltrans3.ltrans.o
 .debug_ranges  0x0000000000001320      0xbb0 /tmp/ccSZs5D9.ltrans4.ltrans.o
 .debug_ranges  0x0000000000001ed0      0x398 /tmp/ccSZs5D9.ltrans5.ltrans.o
 .debug_ranges  0x0000000000002268      0x208 /tmp/ccSZs5D9.ltrans6.ltrans.o
 .debug_ranges  0x0000000000002470       0x10 /usr/lib/gcc/arm-none-eabi/4.9.3/../../../arm-none-eabi/lib/armv7e-m/fpu/libg.a(lib_a-memset.o)
 .debug_ranges  0x0000000000002480       0x10 /usr/lib/gcc/arm-none-eabi/4.9.3/../../../arm-none-eabi/lib/armv7e-m/fpu/libg.a(lib_a-strpbrk.o)
 .debug_ranges  0x0000000000002490       0x10 /usr/lib/gcc/arm-none-eabi/4.9.3/../../../arm-none-eabi/lib/armv7e-m/fpu/libg.a(lib_a-strspn.o)

.debug_line     0x0000000000000000     0x5537
 .debug_line    0x0000000000000000     0x11a4 /tmp/ccSZs5D9.ltrans0.ltrans.o
 .debug_line    0x00000000000011a4      0xb86 /tmp/ccSZs5D9.ltrans1.ltrans.o
 .debug_line    0x0000000000001d2a      0xa22 /tmp/ccSZs5D9.ltrans2.ltrans.o
 .debug_line    0x000000000000274c      0xb56 /tmp/ccSZs5D9.ltrans3.ltrans.o
 .debug_line    0x00000000000032a2      0xca5 /tmp/ccSZs5D9.ltrans4.ltrans.o
 .debug_line    0x0000000000003f47      0x6f1 /tmp/ccSZs5D9.ltrans5.ltrans.o
 .debug_line    0x0000000000004638      0x608 /tmp/ccSZs5D9.ltrans6.ltrans.o
 .debug_line    0x0000000000004c40      0x179 /usr/lib/gcc/arm-none-eabi/4.9.3/armv7e-m/fpu/libgcc.a(_arm_addsubdf3.o)
 .debug_line    0x0000000000004db9      0x19d /usr/lib/gcc/arm-none-eabi/4.9.3/armv7e-m/fpu/libgcc.a(_arm_muldivdf3.o)
 .debug_line    0x0000000000004f56       0x7a /usr/lib/gcc/arm-none-eabi/4.9.3/armv7e-m/fpu/libgcc.a(_arm_fixdfsi.o)
 .debug_line    0x0000000000004fd0       0x8e /usr/lib/gcc/arm-none-eabi/4.9.3/armv7e-m/fpu/libgcc.a(_arm_truncdfsf2.o)
 .debug_line    0x000000000000505e       0xbb /usr/lib/gcc/arm-none-eabi/4.9.3/../../../arm-none-eabi/lib/armv7e-m/fpu/libg.a(lib_a-memcpy.o)
 .debug_line    0x0000000000005119      0x11c /usr/lib/gcc/arm-none-eabi/4.9.3/../../../arm-none-eabi/lib/armv7e-m/fpu/libg.a(lib_a-memset.o)
 .debug_line    0x0000000000005235      0x134 /usr/lib/gcc/arm-none-eabi/4.9.3/../../../arm-none-eabi/lib/armv7e-m/fpu/libg.a(lib_a-strcmp.o)
 .debug_line    0x0000000000005369       0xd1 /usr/lib/gcc/arm-none-eabi/4.9.3/../../../arm-none-eabi/lib/armv7e-m/fpu/libg.a(lib_a-strpbrk.o)
 .debug_line    0x000000000000543a       0xfd /usr/lib/gcc/arm-none-eabi/4.9.3/../../../arm-none-eabi/lib/armv7e-m/fpu/libg.a(lib_a-strspn.o)

.debug_str      0x0000000000000000     0x383e
 .debug_str     0x0000000000000000     0x15a7 /tmp/ccSZs5D9.ltrans0.ltrans.o
                                       0x16c8 (size before relaxing)
 .debug_str     0x00000000000015a7      0x525 /tmp/ccSZs5D9.ltrans1.ltrans.o
                                       0x12de (size before relaxing)
 .debug_str     0x0000000000001acc      0x32f /tmp/ccSZs5D9.ltrans2.ltrans.o
                                       0x12b7 (size before relaxing)
 .debug_str     0x0000000000001dfb      0xb63 /tmp/ccSZs5D9.ltrans3.ltrans.o
                                       0x19da (size before relaxing)
 .debug_str     0x000000000000295e      0x65f /tmp/ccSZs5D9.ltrans4.ltrans.o
                                       0x18e6 (size before relaxing)
 .debug_str     0x0000000000002fbd      0x1f9 /tmp/ccSZs5D9.ltrans5.ltrans.o
                                        0xae2 (size before relaxing)
 .debug_str     0x00000000000031b6      0x475 /tmp/ccSZs5D9.ltrans6.ltrans.o
                                       0x1568 (size before relaxing)
 .debug_str     0x000000000000362b      0x1b0 /usr/lib/gcc/arm-none-eabi/4.9.3/../../../arm-none-eabi/lib/armv7e-m/fpu/libg.a(lib_a-memset.o)
                                        0x21f (size before relaxing)
 .debug_str     0x00000000000037db       0x32 /usr/lib/gcc/arm-none-eabi/4.9.3/../../../arm-none-eabi/lib/armv7e-m/fpu/libg.a(lib_a-strpbrk.o)
                                        0x206 (size before relaxing)
 .debug_str     0x000000000000380d       0x31 /usr/lib/gcc/arm-none-eabi/4.9.3/../../../arm-none-eabi/lib/armv7e-m/fpu/libg.a(lib_a-strspn.o)
                                        0x20b (size before relaxing)

.debug_frame    0x0000000000000000     0x1060
 .debug_frame   0x0000000000000000      0x590 /tmp/ccSZs5D9.ltrans0.ltrans.o
 .debug_frame   0x0000000000000590      0x468 /tmp/ccSZs5D9.ltrans1.ltrans.o
 .debug_frame   0x00000000000009f8      0x1e4 /tmp/ccSZs5D9.ltrans2.ltrans.o
 .debug_frame   0x0000000000000bdc      0x260 /tmp/ccSZs5D9.ltrans3.ltrans.o
 .debug_frame   0x0000000000000e3c       0x48 /tmp/ccSZs5D9.ltrans4.ltrans.o
 .debug_frame   0x0000000000000e84       0x9c /tmp/ccSZs5D9.ltrans5.ltrans.o
 .debug_frame   0x0000000000000f20       0xa4 /tmp/ccSZs5D9.ltrans6.ltrans.o
 .debug_frame   0x0000000000000fc4       0x34 /usr/lib/gcc/arm-none-eabi/4.9.3/../../../arm-none-eabi/lib/armv7e-m/fpu/libg.a(lib_a-memset.o)
 .debug_frame   0x0000000000000ff8       0x34 /usr/lib/gcc/arm-none-eabi/4.9.3/../../../arm-none-eabi/lib/armv7e-m/fpu/libg.a(lib_a-strpbrk.o)
 .debug_frame   0x000000000000102c       0x34 /usr/lib/gcc/arm-none-eabi/4.9.3/../../../arm-none-eabi/lib/armv7e-m/fpu/libg.a(lib_a-strspn.o)

Cross Reference Table

Symbol                                            File
BusFault_Handler                                  /tmp/ccSZs5D9.ltrans0.ltrans.o
                                                  build/obj/vectors.o (symbol from plugin)
                                                  /tmp/ccSZs5D9.ltrans3.ltrans.o
CAND1                                             /tmp/ccSZs5D9.ltrans4.ltrans.o
                                                  build/obj/can_lld.o (symbol from plugin)
                                                  /tmp/ccSZs5D9.ltrans1.ltrans.o
CAND2                                             /tmp/ccSZs5D9.ltrans4.ltrans.o
                                                  build/obj/can_lld.o (symbol from plugin)
                                                  /tmp/ccSZs5D9.ltrans1.ltrans.o
DebugMon_Handler                                  /tmp/ccSZs5D9.ltrans0.ltrans.o
                                                  build/obj/vectors.o (symbol from plugin)
                                                  /tmp/ccSZs5D9.ltrans3.ltrans.o
HardFault_Handler                                 /tmp/ccSZs5D9.ltrans0.ltrans.o
                                                  build/obj/vectors.o (symbol from plugin)
                                                  /tmp/ccSZs5D9.ltrans3.ltrans.o
MemManage_Handler                                 /tmp/ccSZs5D9.ltrans0.ltrans.o
                                                  build/obj/vectors.o (symbol from plugin)
                                                  /tmp/ccSZs5D9.ltrans3.ltrans.o
NMI_Handler                                       /tmp/ccSZs5D9.ltrans0.ltrans.o
                                                  build/obj/vectors.o (symbol from plugin)
                                                  /tmp/ccSZs5D9.ltrans3.ltrans.o
PendSV_Handler                                    /tmp/ccSZs5D9.ltrans0.ltrans.o
                                                  build/obj/vectors.o (symbol from plugin)
                                                  /tmp/ccSZs5D9.ltrans3.ltrans.o
RC_Ctl.lto_priv.41                                /tmp/ccSZs5D9.ltrans5.ltrans.o
                                                  /tmp/ccSZs5D9.ltrans4.ltrans.o
RC_get                                            build/obj/dbus.o (symbol from plugin)
                                                  build/obj/shellcfg.o (symbol from plugin)
                                                  build/obj/main.o (symbol from plugin)
RC_init                                           build/obj/dbus.o (symbol from plugin)
                                                  build/obj/main.o (symbol from plugin)
Reset_Handler                                     build/obj/crt0_v7m.o
                                                  /tmp/ccSZs5D9.ltrans3.ltrans.o
                                                  build/obj/vectors.o (symbol from plugin)
SDU1                                              /tmp/ccSZs5D9.ltrans6.ltrans.o
                                                  build/obj/usbcfg.o (symbol from plugin)
                                                  /tmp/ccSZs5D9.ltrans4.ltrans.o
                                                  build/obj/shellcfg.o (symbol from plugin)
SVC_Handler                                       /tmp/ccSZs5D9.ltrans0.ltrans.o
                                                  build/obj/chcore_v7m.o (symbol from plugin)
                                                  build/obj/vectors.o (symbol from plugin)
                                                  /tmp/ccSZs5D9.ltrans3.ltrans.o
SysTick_Handler                                   /tmp/ccSZs5D9.ltrans0.ltrans.o
                                                  build/obj/vectors.o (symbol from plugin)
                                                  /tmp/ccSZs5D9.ltrans3.ltrans.o
SystemCoreClock                                   build/obj/hal_lld.o (symbol from plugin)
UARTD1                                            /tmp/ccSZs5D9.ltrans6.ltrans.o
                                                  build/obj/uart_lld.o (symbol from plugin)
                                                  /tmp/ccSZs5D9.ltrans5.ltrans.o
                                                  /tmp/ccSZs5D9.ltrans4.ltrans.o
                                                  /tmp/ccSZs5D9.ltrans3.ltrans.o
                                                  build/obj/dbus.o (symbol from plugin)
UARTD3                                            /tmp/ccSZs5D9.ltrans5.ltrans.o
                                                  build/obj/uart_lld.o (symbol from plugin)
                                                  /tmp/ccSZs5D9.ltrans4.ltrans.o
                                                  /tmp/ccSZs5D9.ltrans3.ltrans.o
USBD1                                             /tmp/ccSZs5D9.ltrans4.ltrans.o
                                                  build/obj/usb_lld.o (symbol from plugin)
                                                  /tmp/ccSZs5D9.ltrans1.ltrans.o
                                                  build/obj/usbcfg.o (symbol from plugin)
USBD2                                             /tmp/ccSZs5D9.ltrans4.ltrans.o
                                                  build/obj/usb_lld.o (symbol from plugin)
                                                  /tmp/ccSZs5D9.ltrans1.ltrans.o
UsageFault_Handler                                /tmp/ccSZs5D9.ltrans0.ltrans.o
                                                  build/obj/vectors.o (symbol from plugin)
                                                  /tmp/ccSZs5D9.ltrans3.ltrans.o
Vector100                                         /tmp/ccSZs5D9.ltrans0.ltrans.o
                                                  build/obj/vectors.o (symbol from plugin)
                                                  /tmp/ccSZs5D9.ltrans3.ltrans.o
Vector104                                         /tmp/ccSZs5D9.ltrans0.ltrans.o
                                                  build/obj/vectors.o (symbol from plugin)
                                                  /tmp/ccSZs5D9.ltrans3.ltrans.o
Vector108                                         /tmp/ccSZs5D9.ltrans0.ltrans.o
                                                  build/obj/vectors.o (symbol from plugin)
                                                  /tmp/ccSZs5D9.ltrans3.ltrans.o
Vector10C                                         /tmp/ccSZs5D9.ltrans0.ltrans.o
                                                  build/obj/vectors.o (symbol from plugin)
                                                  /tmp/ccSZs5D9.ltrans3.ltrans.o
Vector110                                         /tmp/ccSZs5D9.ltrans0.ltrans.o
                                                  build/obj/vectors.o (symbol from plugin)
                                                  /tmp/ccSZs5D9.ltrans3.ltrans.o
Vector114                                         /tmp/ccSZs5D9.ltrans0.ltrans.o
                                                  build/obj/vectors.o (symbol from plugin)
                                                  /tmp/ccSZs5D9.ltrans3.ltrans.o
Vector118                                         /tmp/ccSZs5D9.ltrans0.ltrans.o
                                                  build/obj/vectors.o (symbol from plugin)
                                                  /tmp/ccSZs5D9.ltrans3.ltrans.o
Vector11C                                         /tmp/ccSZs5D9.ltrans0.ltrans.o
                                                  build/obj/vectors.o (symbol from plugin)
                                                  /tmp/ccSZs5D9.ltrans3.ltrans.o
Vector120                                         /tmp/ccSZs5D9.ltrans1.ltrans.o
                                                  build/obj/stm32_dma.o (symbol from plugin)
                                                  build/obj/vectors.o (symbol from plugin)
                                                  /tmp/ccSZs5D9.ltrans3.ltrans.o
Vector124                                         /tmp/ccSZs5D9.ltrans1.ltrans.o
                                                  build/obj/stm32_dma.o (symbol from plugin)
                                                  build/obj/vectors.o (symbol from plugin)
                                                  /tmp/ccSZs5D9.ltrans3.ltrans.o
Vector128                                         /tmp/ccSZs5D9.ltrans1.ltrans.o
                                                  build/obj/stm32_dma.o (symbol from plugin)
                                                  build/obj/vectors.o (symbol from plugin)
                                                  /tmp/ccSZs5D9.ltrans3.ltrans.o
Vector12C                                         /tmp/ccSZs5D9.ltrans1.ltrans.o
                                                  build/obj/stm32_dma.o (symbol from plugin)
                                                  build/obj/vectors.o (symbol from plugin)
                                                  /tmp/ccSZs5D9.ltrans3.ltrans.o
Vector130                                         /tmp/ccSZs5D9.ltrans1.ltrans.o
                                                  build/obj/stm32_dma.o (symbol from plugin)
                                                  build/obj/vectors.o (symbol from plugin)
                                                  /tmp/ccSZs5D9.ltrans3.ltrans.o
Vector134                                         /tmp/ccSZs5D9.ltrans0.ltrans.o
                                                  build/obj/vectors.o (symbol from plugin)
                                                  /tmp/ccSZs5D9.ltrans3.ltrans.o
Vector138                                         /tmp/ccSZs5D9.ltrans0.ltrans.o
                                                  build/obj/vectors.o (symbol from plugin)
                                                  /tmp/ccSZs5D9.ltrans3.ltrans.o
Vector13C                                         /tmp/ccSZs5D9.ltrans1.ltrans.o
                                                  build/obj/can_lld.o (symbol from plugin)
                                                  build/obj/vectors.o (symbol from plugin)
                                                  /tmp/ccSZs5D9.ltrans3.ltrans.o
Vector140                                         /tmp/ccSZs5D9.ltrans1.ltrans.o
                                                  build/obj/can_lld.o (symbol from plugin)
                                                  build/obj/vectors.o (symbol from plugin)
                                                  /tmp/ccSZs5D9.ltrans3.ltrans.o
Vector144                                         /tmp/ccSZs5D9.ltrans1.ltrans.o
                                                  build/obj/can_lld.o (symbol from plugin)
                                                  build/obj/vectors.o (symbol from plugin)
                                                  /tmp/ccSZs5D9.ltrans3.ltrans.o
Vector148                                         /tmp/ccSZs5D9.ltrans1.ltrans.o
                                                  build/obj/can_lld.o (symbol from plugin)
                                                  build/obj/vectors.o (symbol from plugin)
                                                  /tmp/ccSZs5D9.ltrans3.ltrans.o
Vector14C                                         /tmp/ccSZs5D9.ltrans1.ltrans.o
                                                  build/obj/usb_lld.o (symbol from plugin)
                                                  build/obj/vectors.o (symbol from plugin)
                                                  /tmp/ccSZs5D9.ltrans3.ltrans.o
Vector150                                         /tmp/ccSZs5D9.ltrans1.ltrans.o
                                                  build/obj/stm32_dma.o (symbol from plugin)
                                                  build/obj/vectors.o (symbol from plugin)
                                                  /tmp/ccSZs5D9.ltrans3.ltrans.o
Vector154                                         /tmp/ccSZs5D9.ltrans1.ltrans.o
                                                  build/obj/stm32_dma.o (symbol from plugin)
                                                  build/obj/vectors.o (symbol from plugin)
                                                  /tmp/ccSZs5D9.ltrans3.ltrans.o
Vector158                                         /tmp/ccSZs5D9.ltrans1.ltrans.o
                                                  build/obj/stm32_dma.o (symbol from plugin)
                                                  build/obj/vectors.o (symbol from plugin)
                                                  /tmp/ccSZs5D9.ltrans3.ltrans.o
Vector15C                                         /tmp/ccSZs5D9.ltrans0.ltrans.o
                                                  build/obj/vectors.o (symbol from plugin)
                                                  /tmp/ccSZs5D9.ltrans3.ltrans.o
Vector160                                         /tmp/ccSZs5D9.ltrans0.ltrans.o
                                                  build/obj/vectors.o (symbol from plugin)
                                                  /tmp/ccSZs5D9.ltrans3.ltrans.o
Vector164                                         /tmp/ccSZs5D9.ltrans0.ltrans.o
                                                  build/obj/vectors.o (symbol from plugin)
                                                  /tmp/ccSZs5D9.ltrans3.ltrans.o
Vector168                                         /tmp/ccSZs5D9.ltrans0.ltrans.o